Component: ARM Compiler 5.06 update 6 (build 750) Tool: armlink [4d35ed]

==============================================================================

Section Cross References

    main.o(i.ClearToSend) refers to stm32f4xx_hal.o(i.HAL_GetTick) for HAL_GetTick
    main.o(i.ClearToSend) refers to m_misc.o(i.m_serialprintPGM) for m_serialprintPGM
    main.o(i.ClearToSend) refers to printf8.o(i.__0printf$8) for __2printf
    main.o(i.ClearToSend) refers to main.o(.data) for .data
    main.o(i.USH_User_App) refers to printf8.o(i.__0printf$8) for __2printf
    main.o(i.USH_User_App) refers to ff.o(i.f_mount) for f_mount
    main.o(i.USH_User_App) refers to exfuns.o(i.exf_getfree) for exf_getfree
    main.o(i.USH_User_App) refers to usb_hcd.o(i.HCD_IsDeviceConnected) for HCD_IsDeviceConnected
    main.o(i.USH_User_App) refers to fattester.o(i.mf_scan_files) for mf_scan_files
    main.o(i.USH_User_App) refers to exfuns.o(.data) for fs
    main.o(i.USH_User_App) refers to main.o(.data) for .data
    main.o(i.USH_User_App) refers to main.o(.bss) for .bss
    main.o(i.code_seen) refers to strchr.o(.text) for strchr
    main.o(i.code_seen) refers to main.o(.data) for .data
    main.o(i.code_seen) refers to main.o(.bss) for .bss
    main.o(i.code_value) refers to strtod.o(i.__hardfp_strtod) for __hardfp_strtod
    main.o(i.code_value) refers to d2f.o(.text) for __aeabi_d2f
    main.o(i.code_value) refers to main.o(.data) for .data
    main.o(i.code_value_long) refers to strtol.o(.text) for strtol
    main.o(i.code_value_long) refers to main.o(.data) for .data
    main.o(i.m_FlushSerialRequestResend) refers to m_misc.o(i.m_serialprintPGM) for m_serialprintPGM
    main.o(i.m_FlushSerialRequestResend) refers to m_misc.o(i.m_serialprintlong) for m_serialprintlong
    main.o(i.m_FlushSerialRequestResend) refers to main.o(i.ClearToSend) for ClearToSend
    main.o(i.m_FlushSerialRequestResend) refers to main.o(.data) for .data
    main.o(i.m_Get_Command) refers to m_serial.o(i.m_UartGetNbRxAvalaibleBytes) for m_UartGetNbRxAvalaibleBytes
    main.o(i.m_Get_Command) refers to m_serial.o(i.m_UartGetNextRxBytes) for m_UartGetNextRxBytes
    main.o(i.m_Get_Command) refers to strchr.o(.text) for strchr
    main.o(i.m_Get_Command) refers to strtol.o(.text) for strtol
    main.o(i.m_Get_Command) refers to strstr.o(.text) for strstr
    main.o(i.m_Get_Command) refers to m_misc.o(i.m_serialprintPGM) for m_serialprintPGM
    main.o(i.m_Get_Command) refers to strtod.o(i.__hardfp_strtod) for __hardfp_strtod
    main.o(i.m_Get_Command) refers to dfixi.o(.text) for __aeabi_d2iz
    main.o(i.m_Get_Command) refers to m_misc.o(i.m_serialprintlong) for m_serialprintlong
    main.o(i.m_Get_Command) refers to main.o(i.m_FlushSerialRequestResend) for m_FlushSerialRequestResend
    main.o(i.m_Get_Command) refers to strcmp.o(.text) for strcmp
    main.o(i.m_Get_Command) refers to m_serial.o(i.m_UartIfSendQueuedData) for m_UartIfSendQueuedData
    main.o(i.m_Get_Command) refers to main.o(.bss) for .bss
    main.o(i.m_Get_Command) refers to main.o(.data) for .data
    main.o(i.m_Get_Command) refers to main.o(.constdata) for .constdata
    main.o(i.m_Get_Command) refers to main.o(.conststring) for .conststring
    main.o(i.main) refers to stm32f4xx_hal.o(i.HAL_Init) for HAL_Init
    main.o(i.main) refers to sys.o(i.Stm32_Clock_Init) for Stm32_Clock_Init
    main.o(i.main) refers to delay.o(i.delay_init) for delay_init
    main.o(i.main) refers to m_pingpio.o(i.m_LED_Init) for m_LED_Init
    main.o(i.main) refers to malloc.o(i.my_mem_init) for my_mem_init
    main.o(i.main) refers to m_serial.o(i.m_Serial_Init) for m_Serial_Init
    main.o(i.main) refers to m_sd.o(i.SD_DETECT_Init) for SD_DETECT_Init
    main.o(i.main) refers to m_sd.o(i.SD_IsDetected) for SD_IsDetected
    main.o(i.main) refers to usbh_core.o(i.USBH_Init) for USBH_Init
    main.o(i.main) refers to u8g2_user.o(i.LCD12864_Init) for LCD12864_Init
    main.o(i.main) refers to input_key.o(i.Input_Encoder_Init) for Input_Encoder_Init
    main.o(i.main) refers to delay.o(i.delay_ms) for delay_ms
    main.o(i.main) refers to printf8.o(i.__0printf$8) for __2printf
    main.o(i.main) refers to usb_hcd.o(i.HCD_IsDeviceConnected) for HCD_IsDeviceConnected
    main.o(i.main) refers to usbh_core.o(i.USBH_Process) for USBH_Process
    main.o(i.main) refers to ff.o(i.f_mount) for f_mount
    main.o(i.main) refers to main.o(i.m_Get_Command) for m_Get_Command
    main.o(i.main) refers to main.o(i.process_commands) for process_commands
    main.o(i.main) refers to stm32f4xx_hal.o(i.HAL_Delay) for HAL_Delay
    main.o(i.main) refers to u8g2_user.o(i.LCD12864_UpDate) for LCD12864_UpDate
    main.o(i.main) refers to usbh_usr.o(.data) for USR_cb
    main.o(i.main) refers to usbh_msc_core.o(.data) for USBH_MSC_cb
    main.o(i.main) refers to main.o(.bss) for .bss
    main.o(i.main) refers to main.o(.data) for .data
    main.o(i.main) refers to input_key.o(.data) for menu_update_flage
[...]
    SD_SendBlock                             0x08002a91   Thumb Code    80  m_sd.o(i.SD_SendBlock)
    SD_SendCmd                               0x08002ae1   Thumb Code    94  m_sd.o(i.SD_SendCmd)
    SD_WaitReady                             0x08002b3f   Thumb Code    32  m_sd.o(i.SD_WaitReady)
    SD_WriteDisk                             0x08002b61   Thumb Code   124  m_sd.o(i.SD_WriteDisk)
    SPI1_Init                                0x08002be1   Thumb Code    72  m_spi.o(i.SPI1_Init)
    SPI1_ReadWriteByte                       0x08002c31   Thumb Code    28  m_spi.o(i.SPI1_ReadWriteByte)
    SPI1_SetSpeed                            0x08002c51   Thumb Code    46  m_spi.o(i.SPI1_SetSpeed)
    SVC_Handler                              0x08002d71   Thumb Code     2  stm32f4xx_it.o(i.SVC_Handler)
    Stm32_Clock_Init                         0x08002d75   Thumb Code   136  sys.o(i.Stm32_Clock_Init)
    SysTick_Handler                          0x08002e09   Thumb Code     4  stm32f4xx_it.o(i.SysTick_Handler)
    SystemInit                               0x08002e0d   Thumb Code    66  system_stm32f4xx.o(i.SystemInit)
    TIM7_IRQHandler                          0x08002e61   Thumb Code     6  input_key.o(i.TIM7_IRQHandler)
    TIM7_Init                                0x08002e6d   Thumb Code    32  input_key.o(i.TIM7_Init)
    TIM_Base_SetConfig                       0x08002e95   Thumb Code   156  stm32f4xx_hal_tim.o(i.TIM_Base_SetConfig)
    USART1_IRQHandler                        0x08003391   Thumb Code     6  stm32f4xx_it.o(i.USART1_IRQHandler)
    USBH_Alloc_Channel                       0x0800339d   Thumb Code    52  usbh_hcs.o(i.USBH_Alloc_Channel)
    USBH_BulkReceiveData                     0x080033d1   Thumb Code    40  usbh_ioreq.o(i.USBH_BulkReceiveData)
    USBH_BulkSendData                        0x080033f9   Thumb Code    44  usbh_ioreq.o(i.USBH_BulkSendData)
    USBH_ClrFeature                          0x08003425   Thumb Code    46  usbh_stdreq.o(i.USBH_ClrFeature)
    USBH_Connected                           0x08003453   Thumb Code    10  usbh_core.o(i.USBH_Connected)
    USBH_CtlReceiveData                      0x0800345d   Thumb Code    34  usbh_ioreq.o(i.USBH_CtlReceiveData)
    USBH_CtlReq                              0x0800347f   Thumb Code    70  usbh_ioreq.o(i.USBH_CtlReq)
    USBH_CtlSendData                         0x080034c5   Thumb Code    54  usbh_ioreq.o(i.USBH_CtlSendData)
    USBH_CtlSendSetup                        0x080034fb   Thumb Code    40  usbh_ioreq.o(i.USBH_CtlSendSetup)
    USBH_DeAllocate_AllChannel               0x08003523   Thumb Code    24  usbh_hcs.o(i.USBH_DeAllocate_AllChannel)
    USBH_DeInit                              0x0800353b   Thumb Code    52  usbh_core.o(i.USBH_DeInit)
    USBH_Disconnected                        0x0800356f   Thumb Code    36  usbh_core.o(i.USBH_Disconnected)
    USBH_ErrorHandle                         0x08003593   Thumb Code    44  usbh_core.o(i.USBH_ErrorHandle)
    USBH_Free_Channel                        0x080035bf   Thumb Code    24  usbh_hcs.o(i.USBH_Free_Channel)
    USBH_GetDescriptor                       0x080035d7   Thumb Code    48  usbh_stdreq.o(i.USBH_GetDescriptor)
    USBH_GetNextDesc                         0x08003607   Thumb Code    14  usbh_stdreq.o(i.USBH_GetNextDesc)
    USBH_Get_CfgDesc                         0x08003615   Thumb Code    88  usbh_stdreq.o(i.USBH_Get_CfgDesc)
    USBH_Get_DevDesc                         0x08003671   Thumb Code   156  usbh_stdreq.o(i.USBH_Get_DevDesc)
    USBH_Get_StringDesc                      0x0800370d   Thumb Code    72  usbh_stdreq.o(i.USBH_Get_StringDesc)
    USBH_HandleControl                       0x08003755   Thumb Code   458  usbh_core.o(i.USBH_HandleControl)
    USBH_Init                                0x08003ac1   Thumb Code    60  usbh_core.o(i.USBH_Init)
    USBH_MSC_BOT_Abort                       0x08003afd   Thumb Code    48  usbh_msc_bot.o(i.USBH_MSC_BOT_Abort)
    USBH_MSC_DecodeCSW                       0x08003b41   Thumb Code    78  usbh_msc_bot.o(i.USBH_MSC_DecodeCSW)
    USBH_MSC_ErrorHandle                     0x08003b9d   Thumb Code    42  usbh_msc_core.o(i.USBH_MSC_ErrorHandle)
    USBH_MSC_HandleBOTXfer                   0x08003d05   Thumb Code   582  usbh_msc_bot.o(i.USBH_MSC_HandleBOTXfer)
    USBH_MSC_Init                            0x08003f59   Thumb Code    40  usbh_msc_bot.o(i.USBH_MSC_Init)
    USBH_MSC_ModeSense6                      0x080041e5   Thumb Code   142  usbh_msc_scsi.o(i.USBH_MSC_ModeSense6)
    USBH_MSC_Read10                          0x08004281   Thumb Code   202  usbh_msc_scsi.o(i.USBH_MSC_Read10)
    USBH_MSC_ReadCapacity10                  0x08004359   Thumb Code   148  usbh_msc_scsi.o(i.USBH_MSC_ReadCapacity10)
    USBH_MSC_RequestSense                    0x080043f9   Thumb Code   146  usbh_msc_scsi.o(i.USBH_MSC_RequestSense)
    USBH_MSC_TestUnitReady                   0x08004499   Thumb Code   116  usbh_msc_scsi.o(i.USBH_MSC_TestUnitReady)
    USBH_MSC_Write10                         0x08004519   Thumb Code   146  usbh_msc_scsi.o(i.USBH_MSC_Write10)
    USBH_Modify_Channel                      0x080045b5   Thumb Code    50  usbh_hcs.o(i.USBH_Modify_Channel)
    USBH_OTG_ISR_Handler                     0x080045e7   Thumb Code   168  usb_hcd_int.o(i.USBH_OTG_ISR_Handler)
    USBH_Open_Channel                        0x0800468f   Thumb Code    84  usbh_hcs.o(i.USBH_Open_Channel)
    USBH_ParseCfgDesc                        0x080046e5   Thumb Code   292  usbh_stdreq.o(i.USBH_ParseCfgDesc)
    USBH_PortDisabled                        0x08004833   Thumb Code    10  usbh_core.o(i.USBH_PortDisabled)
    USBH_PortEnabled                         0x0800483d   Thumb Code    10  usbh_core.o(i.USBH_PortEnabled)
    USBH_Process                             0x08004847   Thumb Code   460  usbh_core.o(i.USBH_Process)
    USBH_SOF                                 0x08004a13   Thumb Code     4  usbh_core.o(i.USBH_SOF)
    USBH_SetAddress                          0x08004a17   Thumb Code    24  usbh_stdreq.o(i.USBH_SetAddress)
    USBH_SetCfg                              0x08004a2f   Thumb Code    24  usbh_stdreq.o(i.USBH_SetCfg)
    USBH_UDISK_Read                          0x08004a49   Thumb Code    74  usbh_usr.o(i.USBH_UDISK_Read)
    USBH_UDISK_Status                        0x08004aa1   Thumb Code    12  usbh_usr.o(i.USBH_UDISK_Status)
    USBH_UDISK_Write                         0x08004ab1   Thumb Code    74  usbh_usr.o(i.USBH_UDISK_Write)
    USBH_USR_Configuration_DescAvailable     0x08004b09   Thumb Code    22  usbh_usr.o(i.USBH_USR_Configuration_DescAvailable)
    USBH_USR_DeInit                          0x08004b41   Thumb Code     8  usbh_usr.o(i.USBH_USR_DeInit)
    USBH_USR_DeviceAddressAssigned           0x08004b4d   Thumb Code     6  usbh_usr.o(i.USBH_USR_DeviceAddressAssigned)
    USBH_USR_DeviceAttached                  0x08004b69   Thumb Code     6  usbh_usr.o(i.USBH_USR_DeviceAttached)
    USBH_USR_DeviceDisconnected              0x08004b89   Thumb Code     6  usbh_usr.o(i.USBH_USR_DeviceDisconnected)
    USBH_USR_DeviceNotSupported              0x08004ba1   Thumb Code     6  usbh_usr.o(i.USBH_USR_DeviceNotSupported)
    USBH_USR_DeviceSpeedDetected             0x08004bc1   Thumb Code    28  usbh_usr.o(i.USBH_USR_DeviceSpeedDetected)
    USBH_USR_Device_DescAvailable            0x08004c25   Thumb Code    24  usbh_usr.o(i.USBH_USR_Device_DescAvailable)
    USBH_USR_EnumerationDone                 0x08004c5d   Thumb Code     6  usbh_usr.o(i.USBH_USR_EnumerationDone)
    USBH_USR_Init                            0x08004c79   Thumb Code     2  usbh_usr.o(i.USBH_USR_Init)
    USBH_USR_MSC_Application                 0x08004c7d   Thumb Code    38  usbh_usr.o(i.USBH_USR_MSC_Application)
    USBH_USR_Manufacturer_String             0x08004cc1   Thumb Code     8  usbh_usr.o(i.USBH_USR_Manufacturer_String)
    USBH_USR_OverCurrentDetected             0x08004cdd   Thumb Code     6  usbh_usr.o(i.USBH_USR_OverCurrentDetected)
    USBH_USR_Product_String                  0x08004cf9   Thumb Code     8  usbh_usr.o(i.USBH_USR_Product_String)
    USBH_USR_ResetDevice                     0x08004d11   Thumb Code     6  usbh_usr.o(i.USBH_USR_ResetDevice)
    USBH_USR_SerialNum_String                0x08004d29   Thumb Code     8  usbh_usr.o(i.USBH_USR_SerialNum_String)
    USBH_USR_UnrecoveredError                0x08004d45   Thumb Code     6  usbh_usr.o(i.USBH_USR_UnrecoveredError)
    USBH_USR_UserInput                       0x08004d65   Thumb Code    12  usbh_usr.o(i.USBH_USR_UserInput)
    USB_OTG_BSP_ConfigVBUS                   0x08004d85   Thumb Code     2  usb_bsp.o(i.USB_OTG_BSP_ConfigVBUS)
    USB_OTG_BSP_DriveVBUS                    0x08004d87   Thumb Code     2  usb_bsp.o(i.USB_OTG_BSP_DriveVBUS)
    USB_OTG_BSP_EnableInterrupt              0x08004d89   Thumb Code    22  usb_bsp.o(i.USB_OTG_BSP_EnableInterrupt)
    USB_OTG_BSP_Init                         0x08004da1   Thumb Code    88  usb_bsp.o(i.USB_OTG_BSP_Init)
    USB_OTG_BSP_mDelay                       0x08004e01   Thumb Code     6  usb_bsp.o(i.USB_OTG_BSP_mDelay)
    USB_OTG_BSP_uDelay                       0x08004e07   Thumb Code     4  usb_bsp.o(i.USB_OTG_BSP_uDelay)
    USB_OTG_CoreInit                         0x08004e0b   Thumb Code   128  usb_core.o(i.USB_OTG_CoreInit)
    USB_OTG_CoreInitHost                     0x08004e8b   Thumb Code   166  usb_core.o(i.USB_OTG_CoreInitHost)
    USB_OTG_DisableGlobalInt                 0x08004f89   Thumb Code    16  usb_core.o(i.USB_OTG_DisableGlobalInt)
    USB_OTG_DriveVbus                        0x08004f99   Thumb Code    60  usb_core.o(i.USB_OTG_DriveVbus)
    USB_OTG_EnableGlobalInt                  0x08004fd5   Thumb Code    16  usb_core.o(i.USB_OTG_EnableGlobalInt)
    USB_OTG_EnableHostInt                    0x08004fe5   Thumb Code    68  usb_core.o(i.USB_OTG_EnableHostInt)
    USB_OTG_FlushRxFifo                      0x08005031   Thumb Code    54  usb_core.o(i.USB_OTG_FlushRxFifo)
    USB_OTG_FlushTxFifo                      0x0800506d   Thumb Code    62  usb_core.o(i.USB_OTG_FlushTxFifo)
    USB_OTG_HC_DoPing                        0x080050b1   Thumb Code    42  usb_core.o(i.USB_OTG_HC_DoPing)
    USB_OTG_HC_Halt                          0x080050db   Thumb Code    70  usb_core.o(i.USB_OTG_HC_Halt)
    USB_OTG_HC_Init                          0x08005121   Thumb Code   236  usb_core.o(i.USB_OTG_HC_Init)
    USB_OTG_HC_StartXfer                     0x0800520d   Thumb Code   256  usb_core.o(i.USB_OTG_HC_StartXfer)
    USB_OTG_InitFSLSPClkSel                  0x0800530d   Thumb Code    12  usb_core.o(i.USB_OTG_InitFSLSPClkSel)
    USB_OTG_IsEvenFrame                      0x08005319   Thumb Code    12  usb_core.o(i.USB_OTG_IsEvenFrame)
    USB_OTG_IsHostMode                       0x08005325   Thumb Code    14  usb_core.o(i.USB_OTG_IsHostMode)
    USB_OTG_ReadCoreItr                      0x08005333   Thumb Code    10  usb_core.o(i.USB_OTG_ReadCoreItr)
    USB_OTG_ReadHPRT0                        0x0800533d   Thumb Code    12  usb_core.o(i.USB_OTG_ReadHPRT0)
    USB_OTG_ReadHostAllChannels_intr         0x08005349   Thumb Code     6  usb_core.o(i.USB_OTG_ReadHostAllChannels_intr)
    USB_OTG_ReadPacket                       0x0800534f   Thumb Code    32  usb_core.o(i.USB_OTG_ReadPacket)
    USB_OTG_ResetPort                        0x0800536f   Thumb Code    42  usb_core.o(i.USB_OTG_ResetPort)
    USB_OTG_SelectCore                       0x08005399   Thumb Code   188  usb_core.o(i.USB_OTG_SelectCore)
    USB_OTG_SetCurrentMode                   0x08005459   Thumb Code    42  usb_core.o(i.USB_OTG_SetCurrentMode)
    USB_OTG_WritePacket                      0x0800624d   Thumb Code    40  usb_core.o(i.USB_OTG_WritePacket)
    USH_User_App                             0x08006275   Thumb Code    86  main.o(i.USH_User_App)
    UsageFault_Handler                       0x08006331   Thumb Code     2  stm32f4xx_it.o(i.UsageFault_Handler)
    __0printf$8                              0x08006335   Thumb Code    22  printf8.o(i.__0printf$8)
    __1printf$8                              0x08006335   Thumb Code     0  printf8.o(i.__0printf$8)
    __2printf                                0x08006335   Thumb Code     0  printf8.o(i.__0printf$8)
    __aeabi_errno_addr                       0x08006375   Thumb Code     4  errno.o(i.__aeabi_errno_addr)
    __rt_errno_addr                          0x08006375   Thumb Code     0  errno.o(i.__aeabi_errno_addr)
    __hardfp_strtod                          0x08006381   Thumb Code    30  strtod.o(i.__hardfp_strtod)
    __scatterload_copy                       0x080063a9   Thumb Code    14  handlers.o(i.__scatterload_copy)
    __scatterload_null                       0x080063b7   Thumb Code     2  handlers.o(i.__scatterload_null)
    __scatterload_zeroinit                   0x080063b9   Thumb Code    14  handlers.o(i.__scatterload_zeroinit)
    _is_digit                                0x080063c7   Thumb Code    14  scanf_fp.o(i._is_digit)
    code_seen                                0x080069cd   Thumb Code    32  main.o(i.code_seen)
    code_value                               0x080069f5   Thumb Code    28  main.o(i.code_value)
    delay_init                               0x08006d3d   Thumb Code    16  delay.o(i.delay_init)
    delay_ms                                 0x08006d51   Thumb Code    26  delay.o(i.delay_ms)
    delay_us                                 0x08006d6d   Thumb Code    48  delay.o(i.delay_us)
    disk_initialize                          0x0800715d   Thumb Code    32  diskio.o(i.disk_initialize)
    disk_read                                0x0800717d   Thumb Code    60  diskio.o(i.disk_read)
    disk_status                              0x080071b9   Thumb Code     4  diskio.o(i.disk_status)
    disk_write                               0x080071bd   Thumb Code    60  diskio.o(i.disk_write)
    exf_getfree                              0x080071f9   Thumb Code    46  exfuns.o(i.exf_getfree)
    exfuns_init                              0x08007229   Thumb Code    86  exfuns.o(i.exfuns_init)
    f_closedir                               0x08007285   Thumb Code    20  ff.o(i.f_closedir)
    f_findfirst                              0x08007299   Thumb Code    32  ff.o(i.f_findfirst)
    f_findnext                               0x080072b9   Thumb Code    52  ff.o(i.f_findnext)
    f_getfree                                0x080072ed   Thumb Code   280  ff.o(i.f_getfree)
    f_mount                                  0x08007405   Thumb Code    72  ff.o(i.f_mount)
    f_opendir                                0x08007451   Thumb Code   212  ff.o(i.f_opendir)
    f_readdir                                0x08007525   Thumb Code   118  ff.o(i.f_readdir)
    ff_convert                               0x0800759d   Thumb Code    68  cc936.o(i.ff_convert)
    ff_memalloc                              0x080075e9   Thumb Code     4  diskio.o(i.ff_memalloc)
    ff_memfree                               0x080075ed   Thumb Code     4  diskio.o(i.ff_memfree)
    ff_wtoupper                              0x080075f1   Thumb Code   120  cc936.o(i.ff_wtoupper)
    fputc                                    0x08007b09   Thumb Code    14  m_serial.o(i.fputc)
    get_coordinates                          0x08007b5d   Thumb Code   132  m_gcode.o(i.get_coordinates)
    m_FlushSerialRequestResend               0x08008025   Thumb Code    26  main.o(i.m_FlushSerialRequestResend)
    m_Get_Command                            0x08008051   Thumb Code   488  main.o(i.m_Get_Command)
    m_LED_Init                               0x08008305   Thumb Code    60  m_pingpio.o(i.m_LED_Init)
    m_Serial_Init                            0x08008349   Thumb Code    66  m_serial.o(i.m_Serial_Init)
    m_Serial_start                           0x080083c1   Thumb Code    84  m_serial.o(i.m_Serial_start)
    m_UartGetNbRxAvalaibleBytes              0x08008439   Thumb Code    40  m_serial.o(i.m_UartGetNbRxAvalaibleBytes)
    m_UartGetNextRxBytes                     0x08008465   Thumb Code    48  m_serial.o(i.m_UartGetNextRxBytes)
    m_UartIfSendQueuedData                   0x08008499   Thumb Code   112  m_serial.o(i.m_UartIfSendQueuedData)
    m_printPGM                               0x08008529   Thumb Code     4  m_misc.o(i.m_printPGM)
    m_serialprintPGM                         0x0800852d   Thumb Code    38  m_misc.o(i.m_serialprintPGM)
    m_serialprintlong                        0x08008559   Thumb Code     8  m_misc.o(i.m_serialprintlong)
    main                                     0x08008569   Thumb Code   208  main.o(i.main)
    mf_get_file_name                         0x0800869d   Thumb Code   100  fattester.o(i.mf_get_file_name)
    mf_get_file_nu                           0x08008715   Thumb Code    58  fattester.o(i.mf_get_file_nu)
    mf_scan_files                            0x0800875d   Thumb Code    66  fattester.o(i.mf_scan_files)
    my_mem_free                              0x080087ed   Thumb Code    58  malloc.o(i.my_mem_free)
    my_mem_init                              0x0800882d   Thumb Code    34  malloc.o(i.my_mem_init)
    my_mem_malloc                            0x08008855   Thumb Code    84  malloc.o(i.my_mem_malloc)
    my_mem_perused                           0x080088ad   Thumb Code    40  malloc.o(i.my_mem_perused)
    myfree                                   0x080088d9   Thumb Code    16  malloc.o(i.myfree)
    mymalloc                                 0x080088ed   Thumb Code    22  malloc.o(i.mymalloc)
    mymemset                                 0x08008909   Thumb Code    12  malloc.o(i.mymemset)
    process_commands                         0x08008a15   Thumb Code    98  main.o(i.process_commands)
    u8g2_ClearBuffer                         0x08008c1b   Thumb Code    20  u8g2_buffer.o(i.u8g2_ClearBuffer)
    u8g2_ClearDisplay                        0x08008c2f   Thumb Code    30  u8g2_cleardisplay.o(i.u8g2_ClearDisplay)
    u8g2_DrawBox                             0x08008c4d   Thumb Code    68  u8g2_box.o(i.u8g2_DrawBox)
    u8g2_DrawGlyph                           0x08008c91   Thumb Code   112  u8g2_font.o(i.u8g2_DrawGlyph)
    u8g2_DrawHVLine                          0x08008d01   Thumb Code   170  u8g2_hvline.o(i.u8g2_DrawHVLine)
    u8g2_DrawStr                             0x08008dad   Thumb Code    12  u8g2_font.o(i.u8g2_DrawStr)
    u8g2_FirstPage                           0x08008dbd   Thumb Code    26  u8g2_buffer.o(i.u8g2_FirstPage)
    u8g2_GetGlyphWidth                       0x08008dd7   Thumb Code    62  u8g2_font.o(i.u8g2_GetGlyphWidth)
    u8g2_GetStrWidth                         0x08008e15   Thumb Code     8  u8g2_font.o(i.u8g2_GetStrWidth)
    u8g2_IsIntersection                      0x08008e21   Thumb Code    48  u8g2_intersection.o(i.u8g2_IsIntersection)
    u8g2_NextPage                            0x08008e51   Thumb Code    62  u8g2_buffer.o(i.u8g2_NextPage)
    u8g2_SendBuffer                          0x08008e8f   Thumb Code    18  u8g2_buffer.o(i.u8g2_SendBuffer)
    u8g2_SetBufferCurrTileRow                0x08008ea1   Thumb Code    28  u8g2_buffer.o(i.u8g2_SetBufferCurrTileRow)
    u8g2_SetDrawColor                        0x08008ebd   Thumb Code    16  u8g2_hvline.o(i.u8g2_SetDrawColor)
    u8g2_SetFont                             0x08008ecd   Thumb Code    32  u8g2_font.o(i.u8g2_SetFont)
    u8g2_SetFontPosBaseline                  0x08008eed   Thumb Code     6  u8g2_font.o(i.u8g2_SetFontPosBaseline)
    u8g2_SetFontPosTop                       0x08008ef9   Thumb Code     6  u8g2_font.o(i.u8g2_SetFontPosTop)
    u8g2_SetMaxClipWindow                    0x08008f05   Thumb Code    28  u8g2_setup.o(i.u8g2_SetMaxClipWindow)
    u8g2_SetupBuffer                         0x08008f21   Thumb Code    66  u8g2_setup.o(i.u8g2_SetupBuffer)
    u8g2_Setup_st7920_s_128x64_f             0x08008f65   Thumb Code    42  u8g2_d_setup.o(i.u8g2_Setup_st7920_s_128x64_f)
    u8g2_UpdateRefHeight                     0x08008f9d   Thumb Code    82  u8g2_font.o(i.u8g2_UpdateRefHeight)
    u8g2_add_vector_x                        0x08008fef   Thumb Code    28  u8g2_font.o(i.u8g2_add_vector_x)
    u8g2_add_vector_y                        0x0800900b   Thumb Code    28  u8g2_font.o(i.u8g2_add_vector_y)
    u8g2_draw_hv_line_2dir                   0x080090d1   Thumb Code    18  u8g2_hvline.o(i.u8g2_draw_hv_line_2dir)
    u8g2_draw_l90_r0                         0x080090e3   Thumb Code    12  u8g2_setup.o(i.u8g2_draw_l90_r0)
    u8g2_font_calc_vref_font                 0x0800915b   Thumb Code     4  u8g2_font.o(i.u8g2_font_calc_vref_font)
    u8g2_font_calc_vref_top                  0x0800915f   Thumb Code    10  u8g2_font.o(i.u8g2_font_calc_vref_top)
    u8g2_font_decode_get_signed_bits         0x08009169   Thumb Code    20  u8g2_font.o(i.u8g2_font_decode_get_signed_bits)
    u8g2_font_decode_get_unsigned_bits       0x0800917d   Thumb Code    52  u8g2_font.o(i.u8g2_font_decode_get_unsigned_bits)
    u8g2_font_decode_glyph                   0x080091b1   Thumb Code   274  u8g2_font.o(i.u8g2_font_decode_glyph)
    u8g2_font_decode_len                     0x080092c3   Thumb Code   138  u8g2_font.o(i.u8g2_font_decode_len)
    u8g2_font_get_glyph_data                 0x0800934d   Thumb Code   114  u8g2_font.o(i.u8g2_font_get_glyph_data)
    u8g2_gpio_and_delay_stm32                0x08009409   Thumb Code   118  u8g2_user.o(i.u8g2_gpio_and_delay_stm32)
    u8g2_is_intersection_decision_tree       0x08009489   Thumb Code    24  u8g2_intersection.o(i.u8g2_is_intersection_decision_tree)
    u8g2_ll_hvline_horizontal_right_lsb      0x080094a1   Thumb Code   116  u8g2_ll_hvline.o(i.u8g2_ll_hvline_horizontal_right_lsb)
    u8g2_m_16_8_f                            0x08009515   Thumb Code     8  u8g2_d_memory.o(i.u8g2_m_16_8_f)
    u8g2_read_font_info                      0x08009521   Thumb Code   106  u8g2_font.o(i.u8g2_read_font_info)
    u8g2_update_dimension_r0                 0x08009677   Thumb Code     4  u8g2_setup.o(i.u8g2_update_dimension_r0)
    u8g2_update_page_win_r0                  0x0800967b   Thumb Code    34  u8g2_setup.o(i.u8g2_update_page_win_r0)
    u8x8_DrawTile                            0x0800969d   Thumb Code    30  u8x8_display.o(i.u8x8_DrawTile)
    u8x8_InitDisplay                         0x080096bb   Thumb Code    16  u8x8_display.o(i.u8x8_InitDisplay)
    u8x8_RefreshDisplay                      0x080096cb   Thumb Code    16  u8x8_display.o(i.u8x8_RefreshDisplay)
    u8x8_SetPowerSave                        0x080096db   Thumb Code    16  u8x8_display.o(i.u8x8_SetPowerSave)
    u8x8_Setup                               0x080096eb   Thumb Code    34  u8x8_setup.o(i.u8x8_Setup)
    u8x8_SetupDefaults                       0x0800970d   Thumb Code    32  u8x8_setup.o(i.u8x8_SetupDefaults)
    u8x8_SetupMemory                         0x08009731   Thumb Code    16  u8x8_display.o(i.u8x8_SetupMemory)
    u8x8_ascii_next                          0x08009741   Thumb Code    14  u8x8_8x8.o(i.u8x8_ascii_next)
    u8x8_byte_4wire_sw_spi                   0x0800974f   Thumb Code   232  u8x8_byte.o(i.u8x8_byte_4wire_sw_spi)
    u8x8_byte_SendByte                       0x08009837   Thumb Code    12  u8x8_byte.o(i.u8x8_byte_SendByte)
    u8x8_byte_SendBytes                      0x08009843   Thumb Code    16  u8x8_byte.o(i.u8x8_byte_SendBytes)
    u8x8_cad_EndTransfer                     0x08009853   Thumb Code    16  u8x8_cad.o(i.u8x8_cad_EndTransfer)
    u8x8_cad_SendCmd                         0x08009863   Thumb Code    16  u8x8_cad.o(i.u8x8_cad_SendCmd)
    u8x8_cad_SendData                        0x08009873   Thumb Code    16  u8x8_cad.o(i.u8x8_cad_SendData)
    u8x8_cad_SendSequence                    0x08009883   Thumb Code   102  u8x8_cad.o(i.u8x8_cad_SendSequence)
    u8x8_cad_StartTransfer                   0x080098e9   Thumb Code    16  u8x8_cad.o(i.u8x8_cad_StartTransfer)
    u8x8_cad_st7920_spi                      0x080098f9   Thumb Code   244  u8x8_cad.o(i.u8x8_cad_st7920_spi)
    u8x8_d_helper_display_init               0x080099f1   Thumb Code    96  u8x8_display.o(i.u8x8_d_helper_display_init)
    u8x8_d_helper_display_setup_memory       0x08009a51   Thumb Code    10  u8x8_display.o(i.u8x8_d_helper_display_setup_memory)
    u8x8_d_st7920_128x64                     0x08009a5d   Thumb Code    24  u8x8_d_st7920.o(i.u8x8_d_st7920_128x64)
    u8x8_d_st7920_common                     0x08009a79   Thumb Code   164  u8x8_d_st7920.o(i.u8x8_d_st7920_common)
    u8x8_dummy_cb                            0x08009b21   Thumb Code     4  u8x8_setup.o(i.u8x8_dummy_cb)
    u8x8_gpio_call                           0x08009b25   Thumb Code    12  u8x8_gpio.o(i.u8x8_gpio_call)
    u8x8_utf8_init                           0x08009b31   Thumb Code     8  u8x8_8x8.o(i.u8x8_utf8_init)
    echomagic                                0x08009bda   Data           7  main.o(.constdata)
    errormagic                               0x08009be1   Data           8  main.o(.constdata)
    AHBPrescTable                            0x08009be9   Data          16  system_stm32f4xx.o(.constdata)
    APBPrescTable                            0x08009bf9   Data           8  system_stm32f4xx.o(.constdata)
    axis_codes                               0x08009c01   Data           4  m_gcode.o(.constdata)
    u8g2_font_7x14_tf                        0x08034806   Data        2436  u8g2_fonts.o(.constdata)
    u8g2_cb_r0                               0x0803518c   Data          12  u8g2_setup.o(.constdata)
    __ctype_table                            0x080351f0   Data         129  ctype_o.o(.constdata)
    Region$$Table$$Base                      0x080353d8   Number         0  anon$$obj.o(Region$$Table)
    Region$$Table$$Limit                     0x080353f8   Number         0  anon$$obj.o(Region$$Table)
    USB_IsConnected                          0x20000000   Data           1  main.o(.data)
    Stopped                                  0x20000002   Data           1  main.o(.data)
    SystemCoreClock                          0x20000024   Data           4  system_stm32f4xx.o(.data)
    uwTickFreq                               0x20000028   Data           1  stm32f4xx_hal.o(.data)
    uwTickPrio                               0x2000002c   Data           4  stm32f4xx_hal.o(.data)
    uwTick                                   0x20000030   Data           4  stm32f4xx_hal.o(.data)
    __stdout                                 0x20000038   Data           4  m_serial.o(.data)
    SD_Type                                  0x2000003c   Data           1  m_sd.o(.data)
    mallco_dev                               0x20000040   Data          20  malloc.o(.data)
    axis_relative_modes                      0x20000055   Data           4  m_gcode.o(.data)
    file                                     0x20000070   Data           4  exfuns.o(.data)
    ftemp                                    0x20000074   Data           4  exfuns.o(.data)
    fatbuf                                   0x20000078   Data           4  exfuns.o(.data)
    fs                                       0x2000007c   Data           8  exfuns.o(.data)
    SD_file_un                               0x20000084   Data           1  fattester.o(.data)
    SD_item                                  0x20000088   Data           4  fattester.o(.data)
    USBH_HCD_INT_cb                          0x2000008c   Data          20  usbh_core.o(.data)
    USBH_HCD_INT_fops                        0x200000a0   Data           4  usbh_core.o(.data)
    MSCErrorCount                            0x200000c0   Data           1  usbh_msc_core.o(.data)
    USBH_MSC_cb                              0x200000c4   Data          16  usbh_msc_core.o(.data)
    USR_cb                                   0x200000d8   Data          72  usbh_usr.o(.data)
    Main_Screen                              0x20000124   Data          20  u8g2_user.o(.data)
    Control                                  0x20000138   Data          24  u8g2_user.o(.data)
    Setting                                  0x20000150   Data          28  u8g2_user.o(.data)
    menu_main                                0x2000016c   Data           1  u8g2_user.o(.data)
    menu_control                             0x2000016d   Data           1  u8g2_user.o(.data)
    menu_setting                             0x2000016e   Data           1  u8g2_user.o(.data)
    menu_current                             0x2000016f   Data           1  input_key.o(.data)
    Encoder_KEY_nu                           0x20000170   Data           1  input_key.o(.data)
    Encoder_KEY_flage                        0x20000171   Data           1  input_key.o(.data)
    Encoder_AB_nu                            0x20000172   Data           1  input_key.o(.data)
    Encoder_AB_flage                         0x20000173   Data           1  input_key.o(.data)
    Beep_IsRun                               0x20000174   Data           1  input_key.o(.data)
    Beep_Run_falge                           0x20000175   Data           1  input_key.o(.data)
    Beep_RunTimeNum                          0x20000176   Data           1  input_key.o(.data)
    menu_show                                0x20000177   Data           1  input_key.o(.data)
    menu_update_flage                        0x20000178   Data           1  input_key.o(.data)
    USB_Host                                 0x20000180   Data         148  main.o(.bss)
    USB_OTG_Core                             0x20000214   Data        1456  main.o(.bss)
    UartData                                 0x20000944   Data         124  m_serial.o(.bss)
    UartTxBuffer                             0x200009c0   Data        2048  m_serial.o(.bss)
    UartRxBuffer                             0x200011c0   Data        2048  m_serial.o(.bss)
    SPI1_Handler                             0x200019c0   Data          88  m_spi.o(.bss)
    membase                                  0x20001a20   Data       40960  malloc.o(.bss)
    memmapbase                               0x2000ba20   Data        2560  malloc.o(.bss)
    current_position                         0x2000c430   Data          16  m_gcode.o(.bss)
    fileinfo                                 0x2000c440   Data         288  exfuns.o(.bss)
    dir                                      0x2000c560   Data          72  exfuns.o(.bss)
    USBH_CfgDesc                             0x2000c5a8   Data         512  usbh_stdreq.o(.bss)
    USBH_MSC_CBWData                         0x2000c7a8   Data          32  usbh_msc_bot.o(.bss)
    USBH_MSC_CSWData                         0x2000c7c8   Data          16  usbh_msc_bot.o(.bss)
    USBH_MSC_BOTXferParam                    0x2000c7d8   Data          16  usbh_msc_bot.o(.bss)
    MSC_Machine                              0x2000c7e8   Data          74  usbh_msc_core.o(.bss)
    USBH_MSC_Param                           0x2000c834   Data          16  usbh_msc_scsi.o(.bss)
    USBH_DataInBuffer                        0x2000c844   Data         512  usbh_msc_scsi.o(.bss)
    u8g2                                     0x2000ce54   Data         148  u8g2_user.o(.bss)
    SD_path                                  0x2000cee8   Data         255  input_key.o(.bss)
    TIM7_Handler                             0x2000cfe8   Data          64  input_key.o(.bss)
    __initial_sp                             0x2000d428   Data           0  startup_stm32f407xx.o(STACK)



==============================================================================

Memory Map of the image

  Image Entry point : 0x08000189

  Load Region LR_IROM1 (Base: 0x08000000, Size: 0x00035578, Max: 0x00100000, ABSOLUTE, COMPRESSED[0x000354b4])

    Execution Region ER_IROM1 (Exec base: 0x08000000, Load base: 0x08000000, Size: 0x000353f8, Max: 0x00100000, ABSOLUTE)

    Exec Addr    Load Addr    Size         Type   Attr      Idx    E Section Name        Object

    0x08000000   0x08000000   0x00000188   Data   RO          671    RESET               startup_stm32f407xx.o
    0x08000188   0x08000188   0x00000000   Code   RO         9567  * .ARM.Collect$$$$00000000  mc_w.l(entry.o)
    0x08000188   0x08000188   0x00000004   Code   RO         9863    .ARM.Collect$$$$00000001  mc_w.l(entry2.o)
    0x0800018c   0x0800018c   0x00000004   Code   RO         9866    .ARM.Collect$$$$00000004  mc_w.l(entry5.o)
    0x08000190   0x08000190   0x00000000   Code   RO         9868    .ARM.Collect$$$$00000008  mc_w.l(entry7b.o)
    0x08000190   0x08000190   0x00000000   Code   RO         9870    .ARM.Collect$$$$0000000A  mc_w.l(entry8b.o)
    0x08000190   0x08000190   0x00000008   Code   RO         9871    .ARM.Collect$$$$0000000B  mc_w.l(entry9a.o)
    0x08000198   0x08000198   0x00000000   Code   RO         9873    .ARM.Collect$$$$0000000D  mc_w.l(entry10a.o)
    0x08000198   0x08000198   0x00000000   Code   RO         9875    .ARM.Collect$$$$0000000F  mc_w.l(entry11a.o)
    0x08000198   0x08000198   0x00000004   Code   RO         9864    .ARM.Collect$$$$00002712  mc_w.l(entry2.o)
    0x0800019c   0x0800019c   0x00000024   Code   RO          672    .text               startup_stm32f407xx.o
    0x080001c0   0x080001c0   0x00000062   Code   RO         9570    .text               mc_w.l(uldiv.o)
    0x08000222   0x08000222   0x00000040   Code   RO         9574    .text               mc_w.l(memmovea.o)
    0x08000262   0x08000262   0x00000024   Code   RO         9576    .text               mc_w.l(memseta.o)
    0x08000286   0x08000286   0x00000018   Code   RO         9578    .text               mc_w.l(strcat.o)
    0x0800029e   0x0800029e   0x00000024   Code   RO         9580    .text               mc_w.l(strstr.o)
    0x080002c2   0x080002c2   0x00000014   Code   RO         9582    .text               mc_w.l(strchr.o)
    0x080002d6   0x080002d6   0x0000000e   Code   RO         9584    .text               mc_w.l(strlen.o)
    0x080002e4   0x080002e4   0x0000001c   Code   RO         9586    .text               mc_w.l(strcmp.o)
    0x08000300   0x08000300   0x00000012   Code   RO         9588    .text               mc_w.l(strcpy.o)
    0x08000312   0x08000312   0x00000020   Code   RO         9590    .text               mc_w.l(strrchr.o)
    0x08000332   0x08000332   0x00000070   Code   RO         9857    .text               mc_w.l(strtol.o)
    0x080003a2   0x080003a2   0x0000003e   Code   RO         9859    .text               mf_w.l(dfixi.o)
    0x080003e0   0x080003e0   0x00000038   Code   RO         9861    .text               mf_w.l(d2f.o)
    0x08000418   0x08000418   0x0000001e   Code   RO         9879    .text               mc_w.l(llshl.o)
    0x08000436   0x08000436   0x00000020   Code   RO         9881    .text               mc_w.l(llushr.o)
    0x08000456   0x08000456   0x00000002   PAD
    0x08000458   0x08000458   0x00000008   Code   RO         9883    .text               mc_w.l(ctype_o.o)
    0x08000460   0x08000460   0x00000012   Code   RO         9905    .text               mc_w.l(isspace_o.o)
    0x08000472   0x08000472   0x0000009e   Code   RO         9918    .text               mc_w.l(_strtoul.o)
    0x08000510   0x08000510   0x0000009c   Code   RO         9920    .text               mc_w.l(strtod.o)
    0x080005ac   0x080005ac   0x00000000   Code   RO         9922    .text               mc_w.l(iusefp.o)
    0x080005ac   0x080005ac   0x0000006e   Code   RO         9923    .text               mf_w.l(fepilogue.o)
    0x0800061a   0x0800061a   0x000000e4   Code   RO         9927    .text               mf_w.l(dmul.o)
    0x080006fe   0x080006fe   0x000000de   Code   RO         9929    .text               mf_w.l(ddiv.o)
    0x080007dc   0x080007dc   0x00000024   Code   RO         9935    .text               mc_w.l(init.o)
    0x08000800   0x08000800   0x0000001c   Code   RO         9941    .text               mc_w.l(_chval.o)
    0x0800081c   0x0800081c   0x00000360   Code   RO         9943    .text               mc_w.l(scanf_fp.o)
    0x08000b7c   0x08000b7c   0x00000040   Code   RO         9947    .text               mc_w.l(_sgetc.o)
    0x08000bbc   0x08000bbc   0x000000ba   Code   RO         9949    .text               mf_w.l(depilogue.o)
    0x08000c76   0x08000c76   0x00000018   Code   RO         9954    .text               mf_w.l(dfltul.o)
    0x08000c8e   0x08000c8e   0x00000056   Code   RO         9964    .text               mc_w.l(__dczerorl2.o)
    0x08000ce4   0x08000ce4   0x00000002   Code   RO          428    i.BusFault_Handler  stm32f4xx_it.o
    0x08000ce6   0x08000ce6   0x00000002   PAD
    0x08000ce8   0x08000ce8   0x00000028   Code   RO            4    i.ClearToSend       main.o
    0x08000d10   0x08000d10   0x00000002   Code   RO          429    i.DebugMon_Handler  stm32f4xx_it.o
    0x08000d12   0x08000d12   0x00000008   Code   RO         9491    i.EXTI15_10_IRQHandler  input_key.o
    0x08000d1a   0x08000d1a   0x00000004   Code   RO         3909    i.G0_G1             m_gcode.o
    0x08000d1e   0x08000d1e   0x00000024   Code   RO         1984    i.HAL_DMA_Abort_IT  stm32f4xx_hal_dma.o
    0x08000d42   0x08000d42   0x00000002   PAD
    0x08000d44   0x08000d44   0x00000024   Code   RO          686    i.HAL_Delay         stm32f4xx_hal.o
    0x08000d68   0x08000d68   0x00000120   Code   RO         9492    i.HAL_GPIO_EXTI_Callback  input_key.o
    0x08000e88   0x08000e88   0x00000018   Code   RO          999    i.HAL_GPIO_EXTI_IRQHandler  stm32f4xx_hal_gpio.o
    0x08000ea0   0x08000ea0   0x000001c0   Code   RO         1000    i.HAL_GPIO_Init     stm32f4xx_hal_gpio.o
    0x08001060   0x08001060   0x0000000a   Code   RO         1002    i.HAL_GPIO_ReadPin  stm32f4xx_hal_gpio.o
    0x0800106a   0x0800106a   0x0000000a   Code   RO         1004    i.HAL_GPIO_WritePin  stm32f4xx_hal_gpio.o
    0x08001074   0x08001074   0x0000000c   Code   RO          691    i.HAL_GetREVID      stm32f4xx_hal.o
    0x08001080   0x08001080   0x0000000c   Code   RO          692    i.HAL_GetTick       stm32f4xx_hal.o
    0x0800108c   0x0800108c   0x00000010   Code   RO          698    i.HAL_IncTick       stm32f4xx_hal.o
    0x0800109c   0x0800109c   0x0000002c   Code   RO          699    i.HAL_Init          stm32f4xx_hal.o
    0x080010c8   0x080010c8   0x00000040   Code   RO          700    i.HAL_InitTick      stm32f4xx_hal.o
    0x08001108   0x08001108   0x00000002   Code   RO          643    i.HAL_MspInit       stm32f4xx_hal_msp.o
    0x0800110a   0x0800110a   0x0000001a   Code   RO          867    i.HAL_NVIC_EnableIRQ  stm32f4xx_hal_cortex.o
    0x08001124   0x08001124   0x00000040   Code   RO          873    i.HAL_NVIC_SetPriority  stm32f4xx_hal_cortex.o
    0x08001164   0x08001164   0x00000024   Code   RO          874    i.HAL_NVIC_SetPriorityGrouping  stm32f4xx_hal_cortex.o
    0x08001188   0x08001188   0x00000130   Code   RO         1238    i.HAL_RCC_ClockConfig  stm32f4xx_hal_rcc.o
    0x080012b8   0x080012b8   0x00000020   Code   RO         1245    i.HAL_RCC_GetPCLK1Freq  stm32f4xx_hal_rcc.o
    0x080012d8   0x080012d8   0x00000020   Code   RO         1246    i.HAL_RCC_GetPCLK2Freq  stm32f4xx_hal_rcc.o
    0x080012f8   0x080012f8   0x00000060   Code   RO         1247    i.HAL_RCC_GetSysClockFreq  stm32f4xx_hal_rcc.o
    0x08001358   0x08001358   0x00000314   Code   RO         1250    i.HAL_RCC_OscConfig  stm32f4xx_hal_rcc.o
    0x0800166c   0x0800166c   0x0000008c   Code   RO         2138    i.HAL_SPI_Init      stm32f4xx_hal_spi.o
    0x080016f8   0x080016f8   0x00000074   Code   RO         3780    i.HAL_SPI_MspInit   m_spi.o
    0x0800176c   0x0800176c   0x00000264   Code   RO         2147    i.HAL_SPI_TransmitReceive  stm32f4xx_hal_spi.o
    0x080019d0   0x080019d0   0x00000018   Code   RO          876    i.HAL_SYSTICK_CLKSourceConfig  stm32f4xx_hal_cortex.o
    0x080019e8   0x080019e8   0x00000028   Code   RO          878    i.HAL_SYSTICK_Config  stm32f4xx_hal_cortex.o
    0x08001a10   0x08001a10   0x00000002   Code   RO         3146    i.HAL_TIMEx_BreakCallback  stm32f4xx_hal_tim_ex.o
    0x08001a12   0x08001a12   0x00000002   Code   RO         3147    i.HAL_TIMEx_CommutCallback  stm32f4xx_hal_tim_ex.o
    0x08001a14   0x08001a14   0x00000036   Code   RO         2471    i.HAL_TIM_Base_Init  stm32f4xx_hal_tim.o
    0x08001a4a   0x08001a4a   0x00000002   PAD
    0x08001a4c   0x08001a4c   0x00000068   Code   RO         9493    i.HAL_TIM_Base_MspInit  input_key.o
    0x08001ab4   0x08001ab4   0x00000022   Code   RO         2476    i.HAL_TIM_Base_Start_IT  stm32f4xx_hal_tim.o
    0x08001ad6   0x08001ad6   0x00000002   Code   RO         2500    i.HAL_TIM_IC_CaptureCallback  stm32f4xx_hal_tim.o
    0x08001ad8   0x08001ad8   0x00000166   Code   RO         2514    i.HAL_TIM_IRQHandler  stm32f4xx_hal_tim.o
    0x08001c3e   0x08001c3e   0x00000002   Code   RO         2517    i.HAL_TIM_OC_DelayElapsedCallback  stm32f4xx_hal_tim.o
    0x08001c40   0x08001c40   0x00000002   Code   RO         2544    i.HAL_TIM_PWM_PulseFinishedCallback  stm32f4xx_hal_tim.o
    0x08001c42   0x08001c42   0x00000002   PAD
    0x08001c44   0x08001c44   0x00000250   Code   RO         9494    i.HAL_TIM_PeriodElapsedCallback  input_key.o
    0x08001e94   0x08001e94   0x00000002   Code   RO         2557    i.HAL_TIM_TriggerCallback  stm32f4xx_hal_tim.o
    0x08001e96   0x08001e96   0x00000032   Code   RO         1413    i.HAL_UART_DeInit   stm32f4xx_hal_uart.o
    0x08001ec8   0x08001ec8   0x00000002   Code   RO         1414    i.HAL_UART_ErrorCallback  stm32f4xx_hal_uart.o
    0x08001eca   0x08001eca   0x00000002   PAD
    0x08001ecc   0x08001ecc   0x00000110   Code   RO         1417    i.HAL_UART_IRQHandler  stm32f4xx_hal_uart.o
    0x08001fdc   0x08001fdc   0x00000062   Code   RO         1418    i.HAL_UART_Init     stm32f4xx_hal_uart.o
    0x0800203e   0x0800203e   0x00000002   Code   RO         1419    i.HAL_UART_MspDeInit  stm32f4xx_hal_uart.o
    0x08002040   0x08002040   0x00000094   Code   RO         3508    i.HAL_UART_MspInit  m_serial.o
    0x080020d4   0x080020d4   0x00000052   Code   RO         1423    i.HAL_UART_Receive_IT  stm32f4xx_hal_uart.o
    0x08002126   0x08002126   0x00000002   PAD
    0x08002128   0x08002128   0x00000094   Code   RO         3509    i.HAL_UART_RxCpltCallback  m_serial.o
    0x080021bc   0x080021bc   0x000000ba   Code   RO         1426    i.HAL_UART_Transmit  stm32f4xx_hal_uart.o
    0x08002276   0x08002276   0x0000003e   Code   RO         1428    i.HAL_UART_Transmit_IT  stm32f4xx_hal_uart.o
    0x080022b4   0x080022b4   0x00000002   Code   RO         1429    i.HAL_UART_TxCpltCallback  stm32f4xx_hal_uart.o
    0x080022b6   0x080022b6   0x00000008   Code   RO         4915    i.HCD_GetCurrentFrame  usb_hcd.o
    0x080022be   0x080022be   0x0000000c   Code   RO         4916    i.HCD_GetCurrentSpeed  usb_hcd.o
    0x080022ca   0x080022ca   0x00000008   Code   RO         4918    i.HCD_GetURB_State  usb_hcd.o
    0x080022d2   0x080022d2   0x0000000a   Code   RO         4919    i.HCD_GetXferCnt    usb_hcd.o
    0x080022dc   0x080022dc   0x00000056   Code   RO         4921    i.HCD_Init          usb_hcd.o
    0x08002332   0x08002332   0x00000006   Code   RO         4922    i.HCD_IsDeviceConnected  usb_hcd.o
    0x08002338   0x08002338   0x00000006   Code   RO         4923    i.HCD_IsPortEnabled  usb_hcd.o
    0x0800233e   0x0800233e   0x0000000a   Code   RO         4924    i.HCD_ResetPort     usb_hcd.o
    0x08002348   0x08002348   0x00000014   Code   RO         4925    i.HCD_SubmitRequest  usb_hcd.o
    0x0800235c   0x0800235c   0x00000002   Code   RO          430    i.HardFault_Handler  stm32f4xx_it.o
    0x0800235e   0x0800235e   0x00000002   PAD
    0x08002360   0x08002360   0x0000008c   Code   RO         9495    i.Input_Encoder_Init  input_key.o
    0x080023ec   0x080023ec   0x00000038   Code   RO         9434    i.LCD12864_Init     u8g2_user.o
    0x08002424   0x08002424   0x00000064   Code   RO         3463    i.LCD12864_Pin_Init  m_pingpio.o
    0x08002488   0x08002488   0x00000244   Code   RO         9435    i.LCD12864_UpDate   u8g2_user.o
    0x080026cc   0x080026cc   0x00000002   Code   RO          431    i.MemManage_Handler  stm32f4xx_it.o
    0x080026ce   0x080026ce   0x00000002   Code   RO          432    i.NMI_Handler       stm32f4xx_it.o
    0x080026d0   0x080026d0   0x0000000c   Code   RO         5636    i.OTG_FS_IRQHandler  usbh_usr.o
    0x080026dc   0x080026dc   0x00000002   Code   RO          433    i.PendSV_Handler    stm32f4xx_it.o
    0x080026de   0x080026de   0x00000002   PAD
    0x080026e0   0x080026e0   0x0000003c   Code   RO         3649    i.SD_DETECT_Init    m_sd.o
    0x0800271c   0x0800271c   0x0000001c   Code   RO         3650    i.SD_DisSelect      m_sd.o
    0x08002738   0x08002738   0x00000028   Code   RO         3653    i.SD_GetResponse    m_sd.o
    0x08002760   0x08002760   0x00000158   Code   RO         3655    i.SD_Init           m_sd.o
    0x080028b8   0x080028b8   0x000000c0   Code   RO         3656    i.SD_IsDetected     m_sd.o
    0x08002978   0x08002978   0x0000006c   Code   RO         3657    i.SD_ReadDisk       m_sd.o
    0x080029e4   0x080029e4   0x00000032   Code   RO         3658    i.SD_RecvData       m_sd.o
    0x08002a16   0x08002a16   0x00000002   PAD
    0x08002a18   0x08002a18   0x00000054   Code   RO         3659    i.SD_SPI_Init       m_sd.o
    0x08002a6c   0x08002a6c   0x00000004   Code   RO         3660    i.SD_SPI_ReadWriteByte  m_sd.o
    0x08002a70   0x08002a70   0x00000020   Code   RO         3663    i.SD_Select         m_sd.o
    0x08002a90   0x08002a90   0x00000050   Code   RO         3664    i.SD_SendBlock      m_sd.o
    0x08002ae0   0x08002ae0   0x0000005e   Code   RO         3665    i.SD_SendCmd        m_sd.o
    0x08002b3e   0x08002b3e   0x00000020   Code   RO         3666    i.SD_WaitReady      m_sd.o
    0x08002b5e   0x08002b5e   0x00000002   PAD
    0x08002b60   0x08002b60   0x00000080   Code   RO         3667    i.SD_WriteDisk      m_sd.o
    0x08002be0   0x08002be0   0x00000050   Code   RO         3781    i.SPI1_Init         m_spi.o
    0x08002c30   0x08002c30   0x00000020   Code   RO         3782    i.SPI1_ReadWriteByte  m_spi.o
    0x08002c50   0x08002c50   0x00000034   Code   RO         3783    i.SPI1_SetSpeed     m_spi.o
    0x08002c84   0x08002c84   0x00000058   Code   RO         2178    i.SPI_EndRxTxTransaction  stm32f4xx_hal_spi.o
    0x08002cdc   0x08002cdc   0x00000094   Code   RO         2185    i.SPI_WaitFlagStateUntilTimeout  stm32f4xx_hal_spi.o
    0x08002d70   0x08002d70   0x00000002   Code   RO          434    i.SVC_Handler       stm32f4xx_it.o
    0x08002d72   0x08002d72   0x00000002   PAD
    0x08002d74   0x08002d74   0x00000094   Code   RO         3436    i.Stm32_Clock_Init  sys.o
    0x08002e08   0x08002e08   0x00000004   Code   RO          435    i.SysTick_Handler   stm32f4xx_it.o
    0x08002e0c   0x08002e0c   0x00000054   Code   RO          514    i.SystemInit        system_stm32f4xx.o
    0x08002e60   0x08002e60   0x0000000c   Code   RO         9496    i.TIM7_IRQHandler   input_key.o
    0x08002e6c   0x08002e6c   0x00000028   Code   RO         9497    i.TIM7_Init         input_key.o
    0x08002e94   0x08002e94   0x000000c8   Code   RO         2559    i.TIM_Base_SetConfig  stm32f4xx_hal_tim.o
    0x08002f5c   0x08002f5c   0x00000010   Code   RO         1431    i.UART_DMAAbortOnError  stm32f4xx_hal_uart.o
    0x08002f6c   0x08002f6c   0x0000001c   Code   RO         1441    i.UART_EndRxTransfer  stm32f4xx_hal_uart.o
    0x08002f88   0x08002f88   0x00000096   Code   RO         1443    i.UART_Receive_IT   stm32f4xx_hal_uart.o
    0x0800301e   0x0800301e   0x00000002   PAD
    0x08003020   0x08003020   0x000002ac   Code   RO         1444    i.UART_SetConfig    stm32f4xx_hal_uart.o
    0x080032cc   0x080032cc   0x00000062   Code   RO         1445    i.UART_Transmit_IT  stm32f4xx_hal_uart.o
    0x0800332e   0x0800332e   0x00000062   Code   RO         1446    i.UART_WaitOnFlagUntilTimeout  stm32f4xx_hal_uart.o
    0x08003390   0x08003390   0x0000000c   Code   RO          436    i.USART1_IRQHandler  stm32f4xx_it.o
    0x0800339c   0x0800339c   0x00000034   Code   RO         5181    i.USBH_Alloc_Channel  usbh_hcs.o
    0x080033d0   0x080033d0   0x00000028   Code   RO         5229    i.USBH_BulkReceiveData  usbh_ioreq.o
    0x080033f8   0x080033f8   0x0000002c   Code   RO         5230    i.USBH_BulkSendData  usbh_ioreq.o
    0x08003424   0x08003424   0x0000002e   Code   RO         5308    i.USBH_ClrFeature   usbh_stdreq.o
    0x08003452   0x08003452   0x0000000a   Code   RO         5077    i.USBH_Connected    usbh_core.o
    0x0800345c   0x0800345c   0x00000022   Code   RO         5231    i.USBH_CtlReceiveData  usbh_ioreq.o
    0x0800347e   0x0800347e   0x00000046   Code   RO         5232    i.USBH_CtlReq       usbh_ioreq.o
    0x080034c4   0x080034c4   0x00000036   Code   RO         5233    i.USBH_CtlSendData  usbh_ioreq.o
    0x080034fa   0x080034fa   0x00000028   Code   RO         5234    i.USBH_CtlSendSetup  usbh_ioreq.o
    0x08003522   0x08003522   0x00000018   Code   RO         5182    i.USBH_DeAllocate_AllChannel  usbh_hcs.o
    0x0800353a   0x0800353a   0x00000034   Code   RO         5078    i.USBH_DeInit       usbh_core.o
    0x0800356e   0x0800356e   0x00000024   Code   RO         5079    i.USBH_Disconnected  usbh_core.o
    0x08003592   0x08003592   0x0000002c   Code   RO         5080    i.USBH_ErrorHandle  usbh_core.o
    0x080035be   0x080035be   0x00000018   Code   RO         5183    i.USBH_Free_Channel  usbh_hcs.o
    0x080035d6   0x080035d6   0x00000030   Code   RO         5309    i.USBH_GetDescriptor  usbh_stdreq.o
    0x08003606   0x08003606   0x0000000e   Code   RO         5310    i.USBH_GetNextDesc  usbh_stdreq.o
    0x08003614   0x08003614   0x0000005c   Code   RO         5311    i.USBH_Get_CfgDesc  usbh_stdreq.o
    0x08003670   0x08003670   0x0000009c   Code   RO         5312    i.USBH_Get_DevDesc  usbh_stdreq.o
    0x0800370c   0x0800370c   0x00000048   Code   RO         5313    i.USBH_Get_StringDesc  usbh_stdreq.o
    0x08003754   0x08003754   0x000001d0   Code   RO         5081    i.USBH_HandleControl  usbh_core.o
    0x08003924   0x08003924   0x0000019c   Code   RO         5082    i.USBH_HandleEnum   usbh_core.o
    0x08003ac0   0x08003ac0   0x0000003c   Code   RO         5083    i.USBH_Init         usbh_core.o
    0x08003afc   0x08003afc   0x00000038   Code   RO         5409    i.USBH_MSC_BOT_Abort  usbh_msc_bot.o
    0x08003b34   0x08003b34   0x0000000c   Code   RO         5458    i.USBH_MSC_ClassRequest  usbh_msc_core.o
    0x08003b40   0x08003b40   0x0000005c   Code   RO         5410    i.USBH_MSC_DecodeCSW  usbh_msc_bot.o
    0x08003b9c   0x08003b9c   0x00000034   Code   RO         5459    i.USBH_MSC_ErrorHandle  usbh_msc_core.o
    0x08003bd0   0x08003bd0   0x00000134   Code   RO         5460    i.USBH_MSC_Handle   usbh_msc_core.o
    0x08003d04   0x08003d04   0x00000254   Code   RO         5411    i.USBH_MSC_HandleBOTXfer  usbh_msc_bot.o
    0x08003f58   0x08003f58   0x0000003c   Code   RO         5412    i.USBH_MSC_Init     usbh_msc_bot.o
    0x08003f94   0x08003f94   0x00000038   Code   RO         5461    i.USBH_MSC_InterfaceDeInit  usbh_msc_core.o
    0x08003fcc   0x08003fcc   0x00000218   Code   RO         5462    i.USBH_MSC_InterfaceInit  usbh_msc_core.o
    0x080041e4   0x080041e4   0x0000009c   Code   RO         5511    i.USBH_MSC_ModeSense6  usbh_msc_scsi.o
    0x08004280   0x08004280   0x000000d8   Code   RO         5512    i.USBH_MSC_Read10   usbh_msc_scsi.o
    0x08004358   0x08004358   0x000000a0   Code   RO         5513    i.USBH_MSC_ReadCapacity10  usbh_msc_scsi.o
    0x080043f8   0x080043f8   0x000000a0   Code   RO         5514    i.USBH_MSC_RequestSense  usbh_msc_scsi.o
    0x08004498   0x08004498   0x00000080   Code   RO         5515    i.USBH_MSC_TestUnitReady  usbh_msc_scsi.o
    0x08004518   0x08004518   0x0000009c   Code   RO         5516    i.USBH_MSC_Write10  usbh_msc_scsi.o
    0x080045b4   0x080045b4   0x00000032   Code   RO         5184    i.USBH_Modify_Channel  usbh_hcs.o
    0x080045e6   0x080045e6   0x000000a8   Code   RO         4999    i.USBH_OTG_ISR_Handler  usb_hcd_int.o
    0x0800468e   0x0800468e   0x00000054   Code   RO         5185    i.USBH_Open_Channel  usbh_hcs.o
    0x080046e2   0x080046e2   0x00000002   PAD
    0x080046e4   0x080046e4   0x00000128   Code   RO         5314    i.USBH_ParseCfgDesc  usbh_stdreq.o
    0x0800480c   0x0800480c   0x00000026   Code   RO         5315    i.USBH_ParseInterfaceDesc  usbh_stdreq.o
    0x08004832   0x08004832   0x0000000a   Code   RO         5084    i.USBH_PortDisabled  usbh_core.o
    0x0800483c   0x0800483c   0x0000000a   Code   RO         5085    i.USBH_PortEnabled  usbh_core.o
    0x08004846   0x08004846   0x000001cc   Code   RO         5086    i.USBH_Process      usbh_core.o
    0x08004a12   0x08004a12   0x00000004   Code   RO         5087    i.USBH_SOF          usbh_core.o
    0x08004a16   0x08004a16   0x00000018   Code   RO         5316    i.USBH_SetAddress   usbh_stdreq.o
    0x08004a2e   0x08004a2e   0x00000018   Code   RO         5317    i.USBH_SetCfg       usbh_stdreq.o
    0x08004a46   0x08004a46   0x00000002   PAD
    0x08004a48   0x08004a48   0x00000058   Code   RO         5637    i.USBH_UDISK_Read   usbh_usr.o
    0x08004aa0   0x08004aa0   0x00000010   Code   RO         5638    i.USBH_UDISK_Status  usbh_usr.o
    0x08004ab0   0x08004ab0   0x00000058   Code   RO         5639    i.USBH_UDISK_Write  usbh_usr.o
    0x08004b08   0x08004b08   0x00000038   Code   RO         5640    i.USBH_USR_Configuration_DescAvailable  usbh_usr.o
    0x08004b40   0x08004b40   0x0000000c   Code   RO         5641    i.USBH_USR_DeInit   usbh_usr.o
    0x08004b4c   0x08004b4c   0x0000001c   Code   RO         5642    i.USBH_USR_DeviceAddressAssigned  usbh_usr.o
    0x08004b68   0x08004b68   0x00000020   Code   RO         5643    i.USBH_USR_DeviceAttached  usbh_usr.o
    0x08004b88   0x08004b88   0x00000018   Code   RO         5644    i.USBH_USR_DeviceDisconnected  usbh_usr.o
    0x08004ba0   0x08004ba0   0x00000020   Code   RO         5645    i.USBH_USR_DeviceNotSupported  usbh_usr.o
    0x08004bc0   0x08004bc0   0x00000064   Code   RO         5646    i.USBH_USR_DeviceSpeedDetected  usbh_usr.o
    0x08004c24   0x08004c24   0x00000038   Code   RO         5647    i.USBH_USR_Device_DescAvailable  usbh_usr.o
    0x08004c5c   0x08004c5c   0x0000001c   Code   RO         5648    i.USBH_USR_EnumerationDone  usbh_usr.o
    0x08004c78   0x08004c78   0x00000002   Code   RO         5649    i.USBH_USR_Init     usbh_usr.o
    0x08004c7a   0x08004c7a   0x00000002   PAD
    0x08004c7c   0x08004c7c   0x00000044   Code   RO         5650    i.USBH_USR_MSC_Application  usbh_usr.o
    0x08004cc0   0x08004cc0   0x0000001c   Code   RO         5651    i.USBH_USR_Manufacturer_String  usbh_usr.o
    0x08004cdc   0x08004cdc   0x0000001c   Code   RO         5652    i.USBH_USR_OverCurrentDetected  usbh_usr.o
    0x08004cf8   0x08004cf8   0x00000018   Code   RO         5653    i.USBH_USR_Product_String  usbh_usr.o
    0x08004d10   0x08004d10   0x00000018   Code   RO         5654    i.USBH_USR_ResetDevice  usbh_usr.o
    0x08004d28   0x08004d28   0x0000001c   Code   RO         5655    i.USBH_USR_SerialNum_String  usbh_usr.o
    0x08004d44   0x08004d44   0x00000020   Code   RO         5656    i.USBH_USR_UnrecoveredError  usbh_usr.o
    0x08004d64   0x08004d64   0x00000020   Code   RO         5657    i.USBH_USR_UserInput  usbh_usr.o
    0x08004d84   0x08004d84   0x00000002   Code   RO         5573    i.USB_OTG_BSP_ConfigVBUS  usb_bsp.o
    0x08004d86   0x08004d86   0x00000002   Code   RO         5575    i.USB_OTG_BSP_DriveVBUS  usb_bsp.o
    0x08004d88   0x08004d88   0x00000016   Code   RO         5576    i.USB_OTG_BSP_EnableInterrupt  usb_bsp.o
    0x08004d9e   0x08004d9e   0x00000002   PAD
    0x08004da0   0x08004da0   0x00000060   Code   RO         5577    i.USB_OTG_BSP_Init  usb_bsp.o
    0x08004e00   0x08004e00   0x00000006   Code   RO         5578    i.USB_OTG_BSP_mDelay  usb_bsp.o
    0x08004e06   0x08004e06   0x00000004   Code   RO         5579    i.USB_OTG_BSP_uDelay  usb_bsp.o
    0x08004e0a   0x08004e0a   0x00000080   Code   RO         4734    i.USB_OTG_CoreInit  usb_core.o
    0x08004e8a   0x08004e8a   0x000000a6   Code   RO         4735    i.USB_OTG_CoreInitHost  usb_core.o
    0x08004f30   0x08004f30   0x00000058   Code   RO         4736    i.USB_OTG_CoreReset  usb_core.o
    0x08004f88   0x08004f88   0x00000010   Code   RO         4737    i.USB_OTG_DisableGlobalInt  usb_core.o
    0x08004f98   0x08004f98   0x0000003c   Code   RO         4738    i.USB_OTG_DriveVbus  usb_core.o
    0x08004fd4   0x08004fd4   0x00000010   Code   RO         4739    i.USB_OTG_EnableGlobalInt  usb_core.o
    0x08004fe4   0x08004fe4   0x0000004c   Code   RO         4740    i.USB_OTG_EnableHostInt  usb_core.o
    0x08005030   0x08005030   0x0000003c   Code   RO         4741    i.USB_OTG_FlushRxFifo  usb_core.o
    0x0800506c   0x0800506c   0x00000044   Code   RO         4742    i.USB_OTG_FlushTxFifo  usb_core.o
    0x080050b0   0x080050b0   0x0000002a   Code   RO         4744    i.USB_OTG_HC_DoPing  usb_core.o
    0x080050da   0x080050da   0x00000046   Code   RO         4745    i.USB_OTG_HC_Halt   usb_core.o
    0x08005120   0x08005120   0x000000ec   Code   RO         4746    i.USB_OTG_HC_Init   usb_core.o
    0x0800520c   0x0800520c   0x00000100   Code   RO         4747    i.USB_OTG_HC_StartXfer  usb_core.o
    0x0800530c   0x0800530c   0x0000000c   Code   RO         4748    i.USB_OTG_InitFSLSPClkSel  usb_core.o
    0x08005318   0x08005318   0x0000000c   Code   RO         4750    i.USB_OTG_IsEvenFrame  usb_core.o
    0x08005324   0x08005324   0x0000000e   Code   RO         4751    i.USB_OTG_IsHostMode  usb_core.o
    0x08005332   0x08005332   0x0000000a   Code   RO         4752    i.USB_OTG_ReadCoreItr  usb_core.o
    0x0800533c   0x0800533c   0x0000000c   Code   RO         4753    i.USB_OTG_ReadHPRT0  usb_core.o
    0x08005348   0x08005348   0x00000006   Code   RO         4754    i.USB_OTG_ReadHostAllChannels_intr  usb_core.o
    0x0800534e   0x0800534e   0x00000020   Code   RO         4756    i.USB_OTG_ReadPacket  usb_core.o
    0x0800536e   0x0800536e   0x0000002a   Code   RO         4757    i.USB_OTG_ResetPort  usb_core.o
    0x08005398   0x08005398   0x000000c0   Code   RO         4758    i.USB_OTG_SelectCore  usb_core.o
    0x08005458   0x08005458   0x0000002a   Code   RO         4759    i.USB_OTG_SetCurrentMode  usb_core.o
    0x08005482   0x08005482   0x00000002   PAD
    0x08005484   0x08005484   0x0000002c   Code   RO         5000    i.USB_OTG_USBH_handle_Disconnect_ISR  usb_hcd_int.o
    0x080054b0   0x080054b0   0x00000046   Code   RO         5001    i.USB_OTG_USBH_handle_IncompletePeriodicXfer_ISR  usb_hcd_int.o
    0x080054f6   0x080054f6   0x00000056   Code   RO         5002    i.USB_OTG_USBH_handle_hc_ISR  usb_hcd_int.o
    0x0800554c   0x0800554c   0x0000041e   Code   RO         5003    i.USB_OTG_USBH_handle_hc_n_In_ISR  usb_hcd_int.o
    0x0800596a   0x0800596a   0x000003b8   Code   RO         5004    i.USB_OTG_USBH_handle_hc_n_Out_ISR  usb_hcd_int.o
    0x08005d22   0x08005d22   0x0000012e   Code   RO         5005    i.USB_OTG_USBH_handle_nptxfempty_ISR  usb_hcd_int.o
    0x08005e50   0x08005e50   0x0000013c   Code   RO         5006    i.USB_OTG_USBH_handle_port_ISR  usb_hcd_int.o
    0x08005f8c   0x08005f8c   0x0000012e   Code   RO         5007    i.USB_OTG_USBH_handle_ptxfempty_ISR  usb_hcd_int.o
    0x080060ba   0x080060ba   0x00000164   Code   RO         5008    i.USB_OTG_USBH_handle_rx_qlvl_ISR  usb_hcd_int.o
    0x0800621e   0x0800621e   0x00000002   PAD
    0x08006220   0x08006220   0x0000002c   Code   RO         5009    i.USB_OTG_USBH_handle_sof_ISR  usb_hcd_int.o
    0x0800624c   0x0800624c   0x00000028   Code   RO         4761    i.USB_OTG_WritePacket  usb_core.o
    0x08006274   0x08006274   0x000000bc   Code   RO            5    i.USH_User_App      main.o
    0x08006330   0x08006330   0x00000002   Code   RO          437    i.UsageFault_Handler  stm32f4xx_it.o
    0x08006332   0x08006332   0x00000002   PAD
    0x08006334   0x08006334   0x00000020   Code   RO         9803    i.__0printf$8       mc_w.l(printf8.o)
    0x08006354   0x08006354   0x00000020   Code   RO          880    i.__NVIC_SetPriority  stm32f4xx_hal_cortex.o
    0x08006374   0x08006374   0x00000008   Code   RO         9911    i.__aeabi_errno_addr  mc_w.l(errno.o)
    0x0800637c   0x0800637c   0x00000004   PAD
    0x08006380   0x08006380   0x00000028   Code   RO         9561    i.__hardfp_strtod   m_wm.l(strtod.o)
    0x080063a8   0x080063a8   0x0000000e   Code   RO         9958    i.__scatterload_copy  mc_w.l(handlers.o)
    0x080063b6   0x080063b6   0x00000002   Code   RO         9959    i.__scatterload_null  mc_w.l(handlers.o)
    0x080063b8   0x080063b8   0x0000000e   Code   RO         9960    i.__scatterload_zeroinit  mc_w.l(handlers.o)
    0x080063c6   0x080063c6   0x0000000e   Code   RO         9945    i._is_digit         mc_w.l(scanf_fp.o)
    0x080063d4   0x080063d4   0x00000410   Code   RO         9810    i._printf_core      mc_w.l(printf8.o)
    0x080067e4   0x080067e4   0x00000024   Code   RO         9811    i._printf_post_padding  mc_w.l(printf8.o)
    0x08006808   0x08006808   0x0000002e   Code   RO         9812    i._printf_pre_padding  mc_w.l(printf8.o)
    0x08006836   0x08006836   0x00000076   Code   RO         4017    i.change_bitmap     ff.o
    0x080068ac   0x080068ac   0x00000074   Code   RO         4018    i.check_fs          ff.o
    0x08006920   0x08006920   0x00000010   Code   RO         4019    i.chk_chr           ff.o
    0x08006930   0x08006930   0x00000018   Code   RO         4021    i.clust2sect        ff.o
    0x08006948   0x08006948   0x00000084   Code   RO         4022    i.cmp_lfn           ff.o
    0x080069cc   0x080069cc   0x00000028   Code   RO            6    i.code_seen         main.o
    0x080069f4   0x080069f4   0x00000020   Code   RO            7    i.code_value        main.o
    0x08006a14   0x08006a14   0x0000010e   Code   RO         4023    i.create_chain      ff.o
    0x08006b22   0x08006b22   0x00000002   PAD
    0x08006b24   0x08006b24   0x00000218   Code   RO         4024    i.create_name       ff.o
    0x08006d3c   0x08006d3c   0x00000014   Code   RO         3397    i.delay_init        delay.o
    0x08006d50   0x08006d50   0x0000001a   Code   RO         3398    i.delay_ms          delay.o
    0x08006d6a   0x08006d6a   0x00000002   PAD
    0x08006d6c   0x08006d6c   0x00000034   Code   RO         3399    i.delay_us          delay.o
    0x08006da0   0x08006da0   0x0000013c   Code   RO         4027    i.dir_find          ff.o
    0x08006edc   0x08006edc   0x00000104   Code   RO         4028    i.dir_next          ff.o
    0x08006fe0   0x08006fe0   0x000000e6   Code   RO         4029    i.dir_read          ff.o
    0x080070c6   0x080070c6   0x00000096   Code   RO         4032    i.dir_sdi           ff.o
    0x0800715c   0x0800715c   0x00000020   Code   RO         3951    i.disk_initialize   diskio.o
    0x0800717c   0x0800717c   0x0000003c   Code   RO         3953    i.disk_read         diskio.o
    0x080071b8   0x080071b8   0x00000004   Code   RO         3954    i.disk_status       diskio.o
    0x080071bc   0x080071bc   0x0000003c   Code   RO         3955    i.disk_write        diskio.o
    0x080071f8   0x080071f8   0x0000002e   Code   RO         4476    i.exf_getfree       exfuns.o
    0x08007226   0x08007226   0x00000002   PAD
    0x08007228   0x08007228   0x0000005c   Code   RO         4477    i.exfuns_init       exfuns.o
    0x08007284   0x08007284   0x00000014   Code   RO         4034    i.f_closedir        ff.o
    0x08007298   0x08007298   0x00000020   Code   RO         4035    i.f_findfirst       ff.o
    0x080072b8   0x080072b8   0x00000034   Code   RO         4036    i.f_findnext        ff.o
    0x080072ec   0x080072ec   0x00000118   Code   RO         4037    i.f_getfree         ff.o
    0x08007404   0x08007404   0x0000004c   Code   RO         4043    i.f_mount           ff.o
    0x08007450   0x08007450   0x000000d4   Code   RO         4045    i.f_opendir         ff.o
    0x08007524   0x08007524   0x00000076   Code   RO         4050    i.f_readdir         ff.o
    0x0800759a   0x0800759a   0x00000002   PAD
    0x0800759c   0x0800759c   0x0000004c   Code   RO         4439    i.ff_convert        cc936.o
    0x080075e8   0x080075e8   0x00000004   Code   RO         3956    i.ff_memalloc       diskio.o
    0x080075ec   0x080075ec   0x00000004   Code   RO         3957    i.ff_memfree        diskio.o
    0x080075f0   0x080075f0   0x00000080   Code   RO         4440    i.ff_wtoupper       cc936.o
    0x08007670   0x08007670   0x00000092   Code   RO         4059    i.find_bitmap       ff.o
    0x08007702   0x08007702   0x00000002   PAD
    0x08007704   0x08007704   0x00000350   Code   RO         4060    i.find_volume       ff.o
    0x08007a54   0x08007a54   0x000000b4   Code   RO         4061    i.follow_path       ff.o
    0x08007b08   0x08007b08   0x00000014   Code   RO         3512    i.fputc             m_serial.o
    0x08007b1c   0x08007b1c   0x0000003e   Code   RO         4063    i.get_achar         ff.o
    0x08007b5a   0x08007b5a   0x00000002   PAD
    0x08007b5c   0x08007b5c   0x00000090   Code   RO         3910    i.get_coordinates   m_gcode.o
    0x08007bec   0x08007bec   0x00000126   Code   RO         4064    i.get_fat           ff.o
    0x08007d12   0x08007d12   0x00000106   Code   RO         4065    i.get_fileinfo      ff.o
    0x08007e18   0x08007e18   0x0000003c   Code   RO         4066    i.get_ldnumber      ff.o
    0x08007e54   0x08007e54   0x0000008a   Code   RO         4067    i.get_xdir_info     ff.o
    0x08007ede   0x08007ede   0x00000026   Code   RO         4068    i.ld_clust          ff.o
    0x08007f04   0x08007f04   0x00000016   Code   RO         4069    i.ld_dword          ff.o
    0x08007f1a   0x08007f1a   0x00000056   Code   RO         4070    i.ld_qword          ff.o
    0x08007f70   0x08007f70   0x0000000a   Code   RO         4071    i.ld_word           ff.o
    0x08007f7a   0x08007f7a   0x000000aa   Code   RO         4073    i.load_xdir         ff.o
    0x08008024   0x08008024   0x0000002c   Code   RO            9    i.m_FlushSerialRequestResend  main.o
    0x08008050   0x08008050   0x000002b4   Code   RO           10    i.m_Get_Command     main.o
    0x08008304   0x08008304   0x00000044   Code   RO         3465    i.m_LED_Init        m_pingpio.o
    0x08008348   0x08008348   0x00000078   Code   RO         3513    i.m_Serial_Init     m_serial.o
    0x080083c0   0x080083c0   0x00000078   Code   RO         3514    i.m_Serial_start    m_serial.o
    0x08008438   0x08008438   0x0000002c   Code   RO         3515    i.m_UartGetNbRxAvalaibleBytes  m_serial.o
    0x08008464   0x08008464   0x00000034   Code   RO         3516    i.m_UartGetNextRxBytes  m_serial.o
    0x08008498   0x08008498   0x00000090   Code   RO         3518    i.m_UartIfSendQueuedData  m_serial.o
    0x08008528   0x08008528   0x00000004   Code   RO         3609    i.m_printPGM        m_misc.o
    0x0800852c   0x0800852c   0x0000002c   Code   RO         3610    i.m_serialprintPGM  m_misc.o
    0x08008558   0x08008558   0x00000010   Code   RO         3611    i.m_serialprintlong  m_misc.o
    0x08008568   0x08008568   0x000000fc   Code   RO           11    i.main              main.o
    0x08008664   0x08008664   0x00000018   Code   RO         4074    i.mem_cmp           ff.o
    0x0800867c   0x0800867c   0x00000012   Code   RO         4075    i.mem_cpy           ff.o
    0x0800868e   0x0800868e   0x0000000c   Code   RO         4076    i.mem_set           ff.o
    0x0800869a   0x0800869a   0x00000002   PAD
    0x0800869c   0x0800869c   0x00000078   Code   RO         4558    i.mf_get_file_name  fattester.o
    0x08008714   0x08008714   0x00000048   Code   RO         4559    i.mf_get_file_nu    fattester.o
    0x0800875c   0x0800875c   0x0000005c   Code   RO         4572    i.mf_scan_files     fattester.o
    0x080087b8   0x080087b8   0x00000032   Code   RO         4077    i.move_window       ff.o
    0x080087ea   0x080087ea   0x00000002   PAD
    0x080087ec   0x080087ec   0x00000040   Code   RO         3828    i.my_mem_free       malloc.o
    0x0800882c   0x0800882c   0x00000028   Code   RO         3829    i.my_mem_init       malloc.o
    0x08008854   0x08008854   0x00000058   Code   RO         3830    i.my_mem_malloc     malloc.o
    0x080088ac   0x080088ac   0x0000002c   Code   RO         3831    i.my_mem_perused    malloc.o
    0x080088d8   0x080088d8   0x00000014   Code   RO         3832    i.myfree            malloc.o
    0x080088ec   0x080088ec   0x0000001c   Code   RO         3833    i.mymalloc          malloc.o
    0x08008908   0x08008908   0x0000000c   Code   RO         3835    i.mymemset          malloc.o
    0x08008914   0x08008914   0x00000090   Code   RO         4078    i.pattern_matching  ff.o
    0x080089a4   0x080089a4   0x00000070   Code   RO         4079    i.pick_lfn          ff.o
    0x08008a14   0x08008a14   0x0000008c   Code   RO           12    i.process_commands  main.o
    0x08008aa0   0x08008aa0   0x000000f6   Code   RO         4080    i.put_fat           ff.o
    0x08008b96   0x08008b96   0x00000010   Code   RO         4084    i.st_dword          ff.o
    0x08008ba6   0x08008ba6   0x00000008   Code   RO         4086    i.st_word           ff.o
    0x08008bae   0x08008bae   0x0000001a   Code   RO         4088    i.sum_sfn           ff.o
    0x08008bc8   0x08008bc8   0x00000052   Code   RO         4090    i.sync_window       ff.o
    0x08008c1a   0x08008c1a   0x00000014   Code   RO         5870    i.u8g2_ClearBuffer  u8g2_buffer.o
    0x08008c2e   0x08008c2e   0x0000001e   Code   RO         6016    i.u8g2_ClearDisplay  u8g2_cleardisplay.o
    0x08008c4c   0x08008c4c   0x00000044   Code   RO         5840    i.u8g2_DrawBox      u8g2_box.o
    0x08008c90   0x08008c90   0x00000070   Code   RO         6055    i.u8g2_DrawGlyph    u8g2_font.o
    0x08008d00   0x08008d00   0x000000aa   Code   RO         8035    i.u8g2_DrawHVLine   u8g2_hvline.o
    0x08008daa   0x08008daa   0x00000002   PAD
    0x08008dac   0x08008dac   0x00000010   Code   RO         6056    i.u8g2_DrawStr      u8g2_font.o
    0x08008dbc   0x08008dbc   0x0000001a   Code   RO         5871    i.u8g2_FirstPage    u8g2_buffer.o
    0x08008dd6   0x08008dd6   0x0000003e   Code   RO         6066    i.u8g2_GetGlyphWidth  u8g2_font.o
    0x08008e14   0x08008e14   0x0000000c   Code   RO         6067    i.u8g2_GetStrWidth  u8g2_font.o
    0x08008e20   0x08008e20   0x00000030   Code   RO         8096    i.u8g2_IsIntersection  u8g2_intersection.o
    0x08008e50   0x08008e50   0x0000003e   Code   RO         5872    i.u8g2_NextPage     u8g2_buffer.o
    0x08008e8e   0x08008e8e   0x00000012   Code   RO         5873    i.u8g2_SendBuffer   u8g2_buffer.o
    0x08008ea0   0x08008ea0   0x0000001c   Code   RO         5874    i.u8g2_SetBufferCurrTileRow  u8g2_buffer.o
    0x08008ebc   0x08008ebc   0x00000010   Code   RO         8038    i.u8g2_SetDrawColor  u8g2_hvline.o
    0x08008ecc   0x08008ecc   0x00000020   Code   RO         6072    i.u8g2_SetFont      u8g2_font.o
    0x08008eec   0x08008eec   0x0000000c   Code   RO         6075    i.u8g2_SetFontPosBaseline  u8g2_font.o
    0x08008ef8   0x08008ef8   0x0000000c   Code   RO         6078    i.u8g2_SetFontPosTop  u8g2_font.o
    0x08008f04   0x08008f04   0x0000001c   Code   RO         8284    i.u8g2_SetMaxClipWindow  u8g2_setup.o
    0x08008f20   0x08008f20   0x00000042   Code   RO         8285    i.u8g2_SetupBuffer  u8g2_setup.o
    0x08008f62   0x08008f62   0x00000002   PAD
    0x08008f64   0x08008f64   0x00000038   Code   RO         6041    i.u8g2_Setup_st7920_s_128x64_f  u8g2_d_setup.o
    0x08008f9c   0x08008f9c   0x00000052   Code   RO         6082    i.u8g2_UpdateRefHeight  u8g2_font.o
    0x08008fee   0x08008fee   0x0000001c   Code   RO         6083    i.u8g2_add_vector_x  u8g2_font.o
    0x0800900a   0x0800900a   0x0000001c   Code   RO         6084    i.u8g2_add_vector_y  u8g2_font.o
    0x08009026   0x08009026   0x0000006e   Code   RO         8287    i.u8g2_apply_clip_window  u8g2_setup.o
    0x08009094   0x08009094   0x0000003c   Code   RO         8039    i.u8g2_clip_intersection2  u8g2_hvline.o
    0x080090d0   0x080090d0   0x00000012   Code   RO         8040    i.u8g2_draw_hv_line_2dir  u8g2_hvline.o
    0x080090e2   0x080090e2   0x0000000c   Code   RO         8289    i.u8g2_draw_l90_r0  u8g2_setup.o
    0x080090ee   0x080090ee   0x0000006c   Code   RO         6086    i.u8g2_draw_string  u8g2_font.o
    0x0800915a   0x0800915a   0x00000004   Code   RO         6089    i.u8g2_font_calc_vref_font  u8g2_font.o
    0x0800915e   0x0800915e   0x0000000a   Code   RO         6090    i.u8g2_font_calc_vref_top  u8g2_font.o
    0x08009168   0x08009168   0x00000014   Code   RO         6091    i.u8g2_font_decode_get_signed_bits  u8g2_font.o
    0x0800917c   0x0800917c   0x00000034   Code   RO         6092    i.u8g2_font_decode_get_unsigned_bits  u8g2_font.o
    0x080091b0   0x080091b0   0x00000112   Code   RO         6093    i.u8g2_font_decode_glyph  u8g2_font.o
    0x080092c2   0x080092c2   0x0000008a   Code   RO         6094    i.u8g2_font_decode_len  u8g2_font.o
    0x0800934c   0x0800934c   0x00000072   Code   RO         6095    i.u8g2_font_get_glyph_data  u8g2_font.o
    0x080093be   0x080093be   0x00000014   Code   RO         6096    i.u8g2_font_get_word  u8g2_font.o
    0x080093d2   0x080093d2   0x00000034   Code   RO         6097    i.u8g2_font_setup_decode  u8g2_font.o
    0x08009406   0x08009406   0x00000002   PAD
    0x08009408   0x08009408   0x00000080   Code   RO         9436    i.u8g2_gpio_and_delay_stm32  u8g2_user.o
    0x08009488   0x08009488   0x00000018   Code   RO         8097    i.u8g2_is_intersection_decision_tree  u8g2_intersection.o
    0x080094a0   0x080094a0   0x00000074   Code   RO         8144    i.u8g2_ll_hvline_horizontal_right_lsb  u8g2_ll_hvline.o
    0x08009514   0x08009514   0x0000000c   Code   RO         6028    i.u8g2_m_16_8_f     u8g2_d_memory.o
    0x08009520   0x08009520   0x0000006a   Code   RO         6098    i.u8g2_read_font_info  u8g2_font.o
    0x0800958a   0x0800958a   0x0000004c   Code   RO         5881    i.u8g2_send_buffer  u8g2_buffer.o
    0x080095d6   0x080095d6   0x0000005a   Code   RO         6099    i.u8g2_string_width  u8g2_font.o
    0x08009630   0x08009630   0x00000046   Code   RO         8293    i.u8g2_update_dimension_common  u8g2_setup.o
    0x08009676   0x08009676   0x00000004   Code   RO         8294    i.u8g2_update_dimension_r0  u8g2_setup.o
    0x0800967a   0x0800967a   0x00000022   Code   RO         8298    i.u8g2_update_page_win_r0  u8g2_setup.o
    0x0800969c   0x0800969c   0x0000001e   Code   RO         9018    i.u8x8_DrawTile     u8x8_display.o
    0x080096ba   0x080096ba   0x00000010   Code   RO         9020    i.u8x8_InitDisplay  u8x8_display.o
    0x080096ca   0x080096ca   0x00000010   Code   RO         9021    i.u8x8_RefreshDisplay  u8x8_display.o
    0x080096da   0x080096da   0x00000010   Code   RO         9024    i.u8x8_SetPowerSave  u8x8_display.o
    0x080096ea   0x080096ea   0x00000022   Code   RO         9318    i.u8x8_Setup        u8x8_setup.o
    0x0800970c   0x0800970c   0x00000024   Code   RO         9319    i.u8x8_SetupDefaults  u8x8_setup.o
    0x08009730   0x08009730   0x00000010   Code   RO         9025    i.u8x8_SetupMemory  u8x8_display.o
    0x08009740   0x08009740   0x0000000e   Code   RO         8566    i.u8x8_ascii_next   u8x8_8x8.o
    0x0800974e   0x0800974e   0x000000e8   Code   RO         8688    i.u8x8_byte_4wire_sw_spi  u8x8_byte.o
    0x08009836   0x08009836   0x0000000c   Code   RO         8692    i.u8x8_byte_SendByte  u8x8_byte.o
    0x08009842   0x08009842   0x00000010   Code   RO         8693    i.u8x8_byte_SendBytes  u8x8_byte.o
    0x08009852   0x08009852   0x00000010   Code   RO         8811    i.u8x8_cad_EndTransfer  u8x8_cad.o
    0x08009862   0x08009862   0x00000010   Code   RO         8813    i.u8x8_cad_SendCmd  u8x8_cad.o
    0x08009872   0x08009872   0x00000010   Code   RO         8814    i.u8x8_cad_SendData  u8x8_cad.o
    0x08009882   0x08009882   0x00000066   Code   RO         8816    i.u8x8_cad_SendSequence  u8x8_cad.o
    0x080098e8   0x080098e8   0x00000010   Code   RO         8817    i.u8x8_cad_StartTransfer  u8x8_cad.o
    0x080098f8   0x080098f8   0x000000f8   Code   RO         8823    i.u8x8_cad_st7920_spi  u8x8_cad.o
    0x080099f0   0x080099f0   0x00000060   Code   RO         9026    i.u8x8_d_helper_display_init  u8x8_display.o
    0x08009a50   0x08009a50   0x0000000a   Code   RO         9027    i.u8x8_d_helper_display_setup_memory  u8x8_display.o
    0x08009a5a   0x08009a5a   0x00000002   PAD
    0x08009a5c   0x08009a5c   0x0000001c   Code   RO         8977    i.u8x8_d_st7920_128x64  u8x8_d_st7920.o
    0x08009a78   0x08009a78   0x000000a8   Code   RO         8979    i.u8x8_d_st7920_common  u8x8_d_st7920.o
    0x08009b20   0x08009b20   0x00000004   Code   RO         9321    i.u8x8_dummy_cb     u8x8_setup.o
    0x08009b24   0x08009b24   0x0000000c   Code   RO         9240    i.u8x8_gpio_call    u8x8_gpio.o
    0x08009b30   0x08009b30   0x00000008   Code   RO         8574    i.u8x8_utf8_init    u8x8_8x8.o
    0x08009b38   0x08009b38   0x00000032   Code   RO         4091    i.validate          ff.o
    0x08009b6a   0x08009b6a   0x00000034   Code   RO         4092    i.xdir_sum          ff.o
    0x08009b9e   0x08009b9e   0x0000003c   Code   RO         4093    i.xname_sum         ff.o
    0x08009bda   0x08009bda   0x0000000f   Data   RO           14    .constdata          main.o
    0x08009be9   0x08009be9   0x00000010   Data   RO          515    .constdata          system_stm32f4xx.o
    0x08009bf9   0x08009bf9   0x00000008   Data   RO          516    .constdata          system_stm32f4xx.o
    0x08009c01   0x08009c01   0x00000004   Data   RO         3912    .constdata          m_gcode.o
    0x08009c05   0x08009c05   0x00000001   PAD
    0x08009c06   0x08009c06   0x0000004a   Data   RO         4094    .constdata          ff.o
    0x08009c50   0x08009c50   0x0002abb6   Data   RO         4441    .constdata          cc936.o
    0x08034806   0x08034806   0x00000984   Data   RO         6442    .constdata          u8g2_fonts.o
    0x0803518a   0x0803518a   0x00000002   PAD
    0x0803518c   0x0803518c   0x0000000c   Data   RO         8302    .constdata          u8g2_setup.o
    0x08035198   0x08035198   0x00000058   Data   RO         8980    .constdata          u8x8_d_st7920.o
    0x080351f0   0x080351f0   0x00000081   Data   RO         9884    .constdata          mc_w.l(ctype_o.o)
    0x08035271   0x08035271   0x00000003   PAD
    0x08035274   0x08035274   0x00000004   Data   RO         9885    .constdata          mc_w.l(ctype_o.o)
    0x08035278   0x08035278   0x00000078   Data   RO           15    .conststring        main.o
    0x080352f0   0x080352f0   0x000000e6   Data   RO         9439    .conststring        u8g2_user.o
    0x080353d6   0x080353d6   0x00000002   PAD
    0x080353d8   0x080353d8   0x00000020   Data   RO         9956    Region$$Table       anon$$obj.o


    Execution Region RW_IRAM1 (Exec base: 0x20000000, Load base: 0x080353f8, Size: 0x0000d428, Max: 0x00020000, ABSOLUTE, COMPRESSED[0x000000bc])

    Exec Addr    Load Addr    Size         Type   Attr      Idx    E Section Name        Object

    0x20000000   COMPRESSED   0x00000024   Data   RW           16    .data               main.o
    0x20000024   COMPRESSED   0x00000004   Data   RW          517    .data               system_stm32f4xx.o
    0x20000028   COMPRESSED   0x0000000c   Data   RW          706    .data               stm32f4xx_hal.o
    0x20000034   COMPRESSED   0x00000004   Data   RW         3400    .data               delay.o
    0x20000038   COMPRESSED   0x00000004   Data   RW         3520    .data               m_serial.o
    0x2000003c   COMPRESSED   0x00000001   Data   RW         3668    .data               m_sd.o
    0x2000003d   COMPRESSED   0x00000003   PAD
    0x20000040   COMPRESSED   0x00000014   Data   RW         3842    .data               malloc.o
    0x20000054   COMPRESSED   0x00000010   Data   RW         3914    .data               m_gcode.o
    0x20000064   COMPRESSED   0x0000000c   Data   RW         4095    .data               ff.o
    0x20000070   COMPRESSED   0x00000014   Data   RW         4483    .data               exfuns.o
    0x20000084   COMPRESSED   0x00000008   Data   RW         4579    .data               fattester.o
    0x2000008c   COMPRESSED   0x00000014   Data   RW         5090    .data               usbh_core.o
    0x200000a0   COMPRESSED   0x00000004   Data   RW         5091    .data               usbh_core.o
    0x200000a4   COMPRESSED   0x00000002   Data   RW         5093    .data               usbh_core.o
    0x200000a6   COMPRESSED   0x00000004   Data   RW         5321    .data               usbh_stdreq.o
    0x200000aa   COMPRESSED   0x00000002   PAD
    0x200000ac   COMPRESSED   0x00000014   Data   RW         5414    .data               usbh_msc_bot.o
    0x200000c0   COMPRESSED   0x00000002   Data   RW         5464    .data               usbh_msc_core.o
    0x200000c2   COMPRESSED   0x00000002   PAD
    0x200000c4   COMPRESSED   0x00000010   Data   RW         5465    .data               usbh_msc_core.o
    0x200000d4   COMPRESSED   0x00000001   Data   RW         5519    .data               usbh_msc_scsi.o
    0x200000d5   COMPRESSED   0x00000003   PAD
    0x200000d8   COMPRESSED   0x00000048   Data   RW         5658    .data               usbh_usr.o
    0x20000120   COMPRESSED   0x00000001   Data   RW         5659    .data               usbh_usr.o
    0x20000121   COMPRESSED   0x00000003   PAD
    0x20000124   COMPRESSED   0x00000048   Data   RW         9440    .data               u8g2_user.o
    0x2000016c   COMPRESSED   0x00000001   Data   RW         9441    .data               u8g2_user.o
    0x2000016d   COMPRESSED   0x00000001   Data   RW         9442    .data               u8g2_user.o
    0x2000016e   COMPRESSED   0x00000001   Data   RW         9443    .data               u8g2_user.o
    0x2000016f   COMPRESSED   0x0000000a   Data   RW         9499    .data               input_key.o
    0x20000179   COMPRESSED   0x00000003   PAD
    0x2000017c   COMPRESSED   0x00000004   Data   RW         9914    .data               mc_w.l(errno.o)
    0x20000180        -       0x000007c4   Zero   RW           13    .bss                main.o
    0x20000944        -       0x0000107c   Zero   RW         3519    .bss                m_serial.o
    0x200019c0        -       0x00000058   Zero   RW         3784    .bss                m_spi.o
    0x20001a18   COMPRESSED   0x00000008   PAD
    0x20001a20        -       0x0000a000   Zero   RW         3837    .bss                malloc.o
    0x2000ba20        -       0x00000a00   Zero   RW         3838    .bss                malloc.o
    0x2000c420        -       0x00000020   Zero   RW         3911    .bss                m_gcode.o
    0x2000c440        -       0x00000120   Zero   RW         4479    .bss                exfuns.o
    0x2000c560        -       0x00000048   Zero   RW         4480    .bss                exfuns.o
    0x2000c5a8        -       0x00000200   Zero   RW         5320    .bss                usbh_stdreq.o
    0x2000c7a8        -       0x00000040   Zero   RW         5413    .bss                usbh_msc_bot.o
    0x2000c7e8        -       0x0000004a   Zero   RW         5463    .bss                usbh_msc_core.o
    0x2000c832   COMPRESSED   0x00000002   PAD
    0x2000c834        -       0x00000210   Zero   RW         5517    .bss                usbh_msc_scsi.o
    0x2000ca44        -       0x00000400   Zero   RW         6029    .bss                u8g2_d_memory.o
    0x2000ce44        -       0x00000010   Zero   RW         8827    .bss                u8x8_cad.o
    0x2000ce54        -       0x00000094   Zero   RW         9438    .bss                u8g2_user.o
    0x2000cee8        -       0x00000140   Zero   RW         9498    .bss                input_key.o
    0x2000d028        -       0x00000400   Zero   RW          669    STACK               startup_stm32f407xx.o


==============================================================================

Image component sizes


      Code (inc. data)   RO Data    RW Data    ZI Data      Debug   Object Name

       204         26     175030          0          0       2851   cc936.o
        98          8          0          4          0       1911   delay.o
       164          0          0          0          0       4788   diskio.o
       138          6          0         20        360       2489   exfuns.o
       284         60          0          8          0       2545   fattester.o
      6174         64         74         12          0      47388   ff.o
      1184        242          0         10        320       5994   input_key.o
       148         12          4         16         32       1808   m_gcode.o
        64         14          0          0          0       1568   m_misc.o
       168         22          0          0          0       1513   m_pingpio.o
      1276        108          0          1          0      10675   m_sd.o
       796        206          0          4       4220       8425   m_serial.o
       280         32          0          0         88       2798   m_spi.o
      1428        436        135         36       1988     873527   main.o
       296         30          0         20      43520       5689   malloc.o
        36          8        392          0       1024        820   startup_stm32f407xx.o
       184         32          0         12          0       5032   stm32f4xx_hal.o
       222         14          0          0          0      34377   stm32f4xx_hal_cortex.o
        36          0          0          0          0       1195   stm32f4xx_hal_dma.o
       492         52          0          0          0       3786   stm32f4xx_hal_gpio.o
         2          0          0          0          0        434   stm32f4xx_hal_msp.o
      1252         72          0          0          0       5228   stm32f4xx_hal_rcc.o
       988          8          0          0          0       4821   stm32f4xx_hal_spi.o
       654         44          0          0          0       6809   stm32f4xx_hal_tim.o
         4          0          0          0          0       1629   stm32f4xx_hal_tim_ex.o
      1830         14          0          0          0      11725   stm32f4xx_hal_uart.o
        32          6          0          0          0       4342   stm32f4xx_it.o
       148         12          0          0          0       1127   sys.o
        84         18         24          4          0       1587   system_stm32f4xx.o
        68          0          0          0          0        735   u8g2_box.o
       230          0          0          0          0       4288   u8g2_buffer.o
        30          0          0          0          0        584   u8g2_cleardisplay.o
        12          4          0          0       1024        844   u8g2_d_memory.o
        56         14          0          0          0       1027   u8g2_d_setup.o
      1384         20          0          0          0      17375   u8g2_font.o
         0          0       2436          0          0     123340   u8g2_fonts.o
       264          0          0          0          0       3083   u8g2_hvline.o
        72          0          0          0          0       1903   u8g2_intersection.o
       116          0          0          0          0       1334   u8g2_ll_hvline.o
       324          0         12          0          0     126348   u8g2_setup.o
       764         64        230         75        148       3393   u8g2_user.o
        22          0          0          0          0       1869   u8x8_8x8.o
       260          0          0          0          0       3000   u8x8_byte.o
       414         10          0          0         16       4820   u8x8_cad.o
       196          8         88          0          0       2494   u8x8_d_st7920.o
       200          0          0          0          0       4430   u8x8_display.o
        12          0          0          0          0        605   u8x8_gpio.o
        74          4          0          0          0       1886   u8x8_setup.o
       132          8          0          0          0       3648   usb_bsp.o
      1696         28          0          0          0      18267   usb_core.o
       166          0          0          0          0       5703   usb_hcd.o
      3694         16          0          0          0      10623   usb_hcd_int.o
      1562         48          0         26          0      11289   usbh_core.o
       234          0          0          0          0       4108   usbh_hcs.o
       282          0          0          0          0       5134   usbh_ioreq.o
       804         66          0         20         64       7281   usbh_msc_bot.o
       964        360          0         18         74       6161   usbh_msc_core.o
       976         76          0          1        528       7624   usbh_msc_scsi.o
       810          8          0          4        512       9353   usbh_stdreq.o
       838        466          0         73          0      12519   usbh_usr.o

    ----------------------------------------------------------------------
     35384       2746     178462        380      53928    1461949   Object Totals
         0          0         32          0          0          0   (incl. Generated)
        62          0          5         16         10          0   (incl. Padding)

    ----------------------------------------------------------------------

      Code (inc. data)   RO Data    RW Data    ZI Data      Debug   Library Member Name

        40         10          0          0          0        128   strtod.o
        86          0          0          0          0          0   __dczerorl2.o
        28          0          0          0          0         68   _chval.o
        64          0          0          0          0         84   _sgetc.o
       158          0          0          0          0         92   _strtoul.o
         8          4        133          0          0         68   ctype_o.o
         0          0          0          0          0          0   entry.o
         0          0          0          0          0          0   entry10a.o
         0          0          0          0          0          0   entry11a.o
         8          4          0          0          0          0   entry2.o
         4          0          0          0          0          0   entry5.o
         0          0          0          0          0          0   entry7b.o
         0          0          0          0          0          0   entry8b.o
         8          4          0          0          0          0   entry9a.o
         8          4          0          4          0         68   errno.o
        30          0          0          0          0          0   handlers.o
        36          8          0          0          0         68   init.o
        18          0          0          0          0         76   isspace_o.o
         0          0          0          0          0          0   iusefp.o
        30          0          0          0          0         68   llshl.o
        32          0          0          0          0         68   llushr.o
        64          0          0          0          0         76   memmovea.o
        36          0          0          0          0        108   memseta.o
      1154         54          0          0          0        352   printf8.o
       878         12          0          0          0        216   scanf_fp.o
        24          0          0          0          0         68   strcat.o
        20          0          0          0          0         68   strchr.o
        28          0          0          0          0         76   strcmp.o
        18          0          0          0          0         68   strcpy.o
        14          0          0          0          0         68   strlen.o
        32          0          0          0          0         68   strrchr.o
        36          0          0          0          0         80   strstr.o
       156         12          0          0          0        120   strtod.o
       112          0          0          0          0         88   strtol.o
        98          0          0          0          0         92   uldiv.o
        56          0          0          0          0         88   d2f.o
       222          0          0          0          0        100   ddiv.o
       186          0          0          0          0        176   depilogue.o
        62          0          0          0          0         80   dfixi.o
        24          0          0          0          0         76   dfltul.o
       228          0          0          0          0         96   dmul.o
       110          0          0          0          0        168   fepilogue.o

    ----------------------------------------------------------------------
      4122        116        136          4          0       3120   Library Totals
         6          4          3          0          0          0   (incl. Padding)

    ----------------------------------------------------------------------

      Code (inc. data)   RO Data    RW Data    ZI Data      Debug   Library Name

        40         10          0          0          0        128   m_wm.l
      3188        102        133          4          0       2208   mc_w.l
       888          0          0          0          0        784   mf_w.l

    ----------------------------------------------------------------------
      4122        116        136          4          0       3120   Library Totals

    ----------------------------------------------------------------------

==============================================================================


      Code (inc. data)   RO Data    RW Data    ZI Data      Debug   

     39506       2862     178598        384      53928    1427193   Grand Totals
     39506       2862     178598        188      53928    1427193   ELF Image Totals (compressed)
     39506       2862     178598        188          0          0   ROM Totals

==============================================================================

    Total RO  Size (Code + RO Data)               218104 ( 212.99kB)
    Total RW  Size (RW Data + ZI Data)             54312 (  53.04kB)
    Total ROM Size (Code + RO Data + RW Data)     218292 ( 213.18kB)

==============================================================================

